[puffintheme.com/demo/oculux/index.html]
[backblue.gif]
[fade.gif]
[index.html]
[puffintheme.com/demo/oculux/html/index.html]
[puffintheme.com/demo/oculux/index.html]
[puffintheme.com/demo/oculux/html/favicon.ico]
[puffintheme.com/demo/oculux/assets/images/xs/avatar5.jpg]
[puffintheme.com/demo/oculux/assets/images/xs/avatar2.jpg]
[puffintheme.com/demo/oculux/html/page-social.html]
[puffintheme.com/demo/oculux/html/page-news.html]
[puffintheme.com/demo/oculux/html/page-blog.html]
[puffintheme.com/demo/oculux/html/page-login.html]
[puffintheme.com/demo/oculux/html/page-invoices-detail.html]
[puffintheme.com/demo/oculux/assets/images/xs/avatar6.jpg]
[puffintheme.com/demo/oculux/html/app-inbox.html]
[puffintheme.com/demo/oculux/html/app-chat.html]
[puffintheme.com/demo/oculux/html/app-calendar.html]
[puffintheme.com/demo/oculux/html/page-profile.html]
[puffintheme.com/demo/oculux/html/page-invoices.html]
[puffintheme.com/demo/oculux/html/page-timeline.html]
[puffintheme.com/demo/oculux/assets/images/xs/avatar1.jpg]
[puffintheme.com/demo/oculux/assets/images/xs/avatar3.jpg]
[puffintheme.com/demo/oculux/assets/images/user.png]
[puffintheme.com/demo/oculux/html/index4.html]
[puffintheme.com/demo/oculux/html/index5.html]
[puffintheme.com/demo/oculux/html/index6.html]
[puffintheme.com/demo/oculux/html/index7.html]
[puffintheme.com/demo/oculux/html/index8.html]
[puffintheme.com/demo/oculux/html/index9.html]
[puffintheme.com/demo/oculux/html/index10.html]
[puffintheme.com/demo/oculux/html/index11.html]
[puffintheme.com/demo/oculux/html/index2.html]
[puffintheme.com/demo/oculux/html/index3.html]
[puffintheme.com/demo/oculux/hrms/index.html]
[puffintheme.com/demo/oculux/jobportal/index.html]
[puffintheme.com/demo/oculux/landing/index.html]
[puffintheme.com/demo/oculux/html/app-contact.html]
[puffintheme.com/demo/oculux/html/app-contact2.html]
[puffintheme.com/demo/oculux/html/app-taskboard.html]
[puffintheme.com/demo/oculux/html/app-project-list.html]
[puffintheme.com/demo/oculux/html/app-ticket.html]
[puffintheme.com/demo/oculux/html/app-ticket-details.html]
[puffintheme.com/demo/oculux/html/app-clients.html]
[puffintheme.com/demo/oculux/html/app-todo.html]
[puffintheme.com/demo/oculux/html/ui-icons.html]
[puffintheme.com/demo/oculux/html/ui-icons-line.html]
[puffintheme.com/demo/oculux/html/ui-icons-themify.html]
[puffintheme.com/demo/oculux/html/ui-bootstrap.html]
[puffintheme.com/demo/oculux/html/ui-typography.html]
[puffintheme.com/demo/oculux/html/ui-colors.html]
[puffintheme.com/demo/oculux/html/ui-buttons.html]
[puffintheme.com/demo/oculux/html/ui-tabs.html]
[puffintheme.com/demo/oculux/html/ui-progressbars.html]
[puffintheme.com/demo/oculux/html/ui-modals.html]
[puffintheme.com/demo/oculux/html/ui-notifications.html]
[puffintheme.com/demo/oculux/html/ui-dialogs.html]
[puffintheme.com/demo/oculux/html/ui-list-group.html]
[puffintheme.com/demo/oculux/html/ui-media-object.html]
[puffintheme.com/demo/oculux/html/ui-nestable.html]
[puffintheme.com/demo/oculux/html/ui-range-sliders.html]
[puffintheme.com/demo/oculux/html/ui-helper-class.html]
[puffintheme.com/demo/oculux/html/forms-basic.html]
[puffintheme.com/demo/oculux/html/forms-advanced.html]
[puffintheme.com/demo/oculux/html/forms-validation.html]
[puffintheme.com/demo/oculux/html/forms-wizard.html]
[puffintheme.com/demo/oculux/html/forms-summernote.html]
[puffintheme.com/demo/oculux/html/forms-dragdropupload.html]
[puffintheme.com/demo/oculux/html/forms-editors.html]
[puffintheme.com/demo/oculux/html/forms-markdown.html]
[puffintheme.com/demo/oculux/html/forms-cropping.html]
[puffintheme.com/demo/oculux/html/table-normal.html]
[puffintheme.com/demo/oculux/html/table-color.html]
[puffintheme.com/demo/oculux/html/table-jquery-datatable.html]
[puffintheme.com/demo/oculux/html/table-editable.html]
[puffintheme.com/demo/oculux/html/table-filter.html]
[puffintheme.com/demo/oculux/html/table-dragger.html]
[puffintheme.com/demo/oculux/html/chart-c3.html]
[puffintheme.com/demo/oculux/html/chart-chartjs.html]
[puffintheme.com/demo/oculux/html/chart-morris.html]
[puffintheme.com/demo/oculux/html/chart-flot.html]
[puffintheme.com/demo/oculux/html/chart-sparkline.html]
[puffintheme.com/demo/oculux/html/chart-jquery-knob.html]
[puffintheme.com/demo/oculux/html/map-jvectormap.html]
[puffintheme.com/demo/oculux/html/widgets.html]
[puffintheme.com/demo/oculux/html/page-login2.html]
[puffintheme.com/demo/oculux/html/page-register.html]
[puffintheme.com/demo/oculux/html/page-forgot-password.html]
[puffintheme.com/demo/oculux/html/page-404.html]
[puffintheme.com/demo/oculux/html/page-maintenance.html]
[puffintheme.com/demo/oculux/html/page-blank.html]
[puffintheme.com/demo/oculux/html/page-user-list.html]
[puffintheme.com/demo/oculux/html/page-testimonials.html]
[puffintheme.com/demo/oculux/html/page-search-results.html]
[puffintheme.com/demo/oculux/html/page-gallery.html]
[puffintheme.com/demo/oculux/html/page-pricing.html]
[puffintheme.com/demo/oculux/html/page-coming-soon.html]
[puffintheme.com/demo/oculux/documentation/index.html]
[puffintheme.com/demo/oculux/assets/images/sm/avatar1.jpg]
[puffintheme.com/demo/oculux/html/assets/bundles/libscripts.bundle.js]
[puffintheme.com/demo/oculux/html/assets/bundles/vendorscripts.bundle.js]
[puffintheme.com/demo/oculux/html/assets/bundles/c3.bundle.js]
[puffintheme.com/demo/oculux/html/assets/bundles/mainscripts.bundle.js]
[puffintheme.com/demo/oculux/html/assets/js/index.js]
[puffintheme.com/demo/oculux/html/index.html]
[puffintheme.com/demo/oculux/assets/vendor/bootstrap/css/bootstrap.min.css]
[puffintheme.com/demo/oculux/assets/vendor/font-awesome/fonts/fontawesome-webfont3e6e.eot]
[puffintheme.com/demo/oculux/assets/vendor/font-awesome/fonts/fontawesome-webfontd41d.eot]
[puffintheme.com/demo/oculux/assets/vendor/font-awesome/fonts/fontawesome-webfont3e6e.woff2]
[puffintheme.com/demo/oculux/assets/vendor/font-awesome/fonts/fontawesome-webfont3e6e.woff]
[puffintheme.com/demo/oculux/assets/vendor/font-awesome/fonts/fontawesome-webfont3e6e.ttf]
[puffintheme.com/demo/oculux/assets/vendor/font-awesome/css/font-awesome.min.css]
[puffintheme.com/demo/oculux/assets/vendor/animate-css/vivify.min.css]
[puffintheme.com/demo/oculux/assets/vendor/c3/c3.min.css]
[puffintheme.com/demo/oculux/html/assets/fonts/simple-Line-Icons.eot]
[puffintheme.com/demo/oculux/html/assets/fonts/simple-Line-Icons.woff]
[puffintheme.com/demo/oculux/html/assets/fonts/simple-Line-Icons.ttf]
[puffintheme.com/demo/oculux/html/assets/fonts/weathericons-regular-webfont.eot]
[puffintheme.com/demo/oculux/html/assets/fonts/weathericons-regular-webfont.woff]
[puffintheme.com/demo/oculux/html/assets/fonts/weathericons-regular-webfontd41d.eot]
[puffintheme.com/demo/oculux/html/assets/fonts/weathericons-regular-webfont.ttf]
[puffintheme.com/demo/oculux/html/assets/images/image-gallery/13.7d.delayed]
[puffintheme.com/demo/oculux/html/assets/images/image-gallery/2.jpg]
[puffintheme.com/demo/oculux/assets/images/image-gallery/10.jpg]
[puffintheme.com/demo/oculux/html/assets/css/site.min.css]
[puffintheme.com/demo/oculux/assets/images/icon.svg]
[puffintheme.com/demo/oculux/assets/images/flag/us.svg]
[puffintheme.com/demo/oculux/assets/images/flag/gb.svg]
[puffintheme.com/demo/oculux/assets/images/flag/russia.svg]
[puffintheme.com/demo/oculux/assets/images/flag/ZZ.80.delayed]
[puffintheme.com/demo/oculux/assets/images/flag/arabia.svg]
[puffintheme.com/demo/oculux/assets/images/flag/france.svg]
[puffintheme.com/demo/oculux/assets/images/image-gallery/7.jpg]
[puffintheme.com/demo/oculux/assets/images/image-gallery/8.jpg]
[puffintheme.com/demo/oculux/assets/images/image-gallery/9.jpg]
[puffintheme.com/demo/oculux/assets/images/user-small.png]
[puffintheme.com/demo/oculux/assets/images/image-gallery/2.jpg]
[puffintheme.com/demo/oculux/assets/images/image-gallery/3.jpg]
[puffintheme.com/demo/oculux/assets/images/image-gallery/4.jpg]
[puffintheme.com/demo/oculux/assets/images/image-gallery/5.jpg]
[puffintheme.com/demo/oculux/assets/images/image-gallery/6.jpg]
[puffintheme.com/demo/oculux/assets/images/image-gallery/11.jpg]
[puffintheme.com/demo/oculux/assets/images/image-gallery/12.jpg]
[puffintheme.com/demo/oculux/assets/images/xs/avatar10.jpg]
[puffintheme.com/demo/oculux/assets/images/xs/avatar4.jpg]
[puffintheme.com/demo/oculux/assets/images/xs/avatar7.jpg]
[puffintheme.com/demo/oculux/assets/images/xs/avatar8.jpg]
[puffintheme.com/demo/oculux/html/page-social.html]
[puffintheme.com/demo/oculux/assets/images/news/news1.jpg]
[puffintheme.com/demo/oculux/assets/images/news/news2.jpg]
[puffintheme.com/demo/oculux/assets/images/news/news4.jpg]
[puffintheme.com/demo/oculux/assets/images/image-gallery/1.jpg]
[puffintheme.com/demo/oculux/assets/images/image-gallery/15.jpg]
[puffintheme.com/demo/oculux/assets/images/news/news6.jpg]
[puffintheme.com/demo/oculux/assets/images/news/news10.jpg]
[puffintheme.com/demo/oculux/assets/images/news/news9.jpg]
[puffintheme.com/demo/oculux/assets/images/news/news5.jpg]
[puffintheme.com/demo/oculux/assets/images/news/news8.jpg]
[puffintheme.com/demo/oculux/assets/images/news/news7.jpg]
[puffintheme.com/demo/oculux/assets/images/news/news3.jpg]
[puffintheme.com/demo/oculux/html/page-news.html]
[puffintheme.com/demo/oculux/html/page-blog-post.html]
[puffintheme.com/demo/oculux/html/page-blog.html]
[puffintheme.com/demo/oculux/html/page-login.html]
[puffintheme.com/demo/oculux/html/page-invoices-detail.html]
[puffintheme.com/demo/oculux/html/app-compose.html]
[puffintheme.com/demo/oculux/html/app-inbox-detail.html]
[puffintheme.com/demo/oculux/html/app-inbox.html]
[puffintheme.com/demo/oculux/html/app-chat.html]
[puffintheme.com/demo/oculux/assets/images/sm/avatar3.jpg]
[puffintheme.com/demo/oculux/html/assets/bundles/fullcalendarscripts.bundle.js]
[puffintheme.com/demo/oculux/html/assets/js/pages/calendar.js]
[puffintheme.com/demo/oculux/html/app-calendar.html]
[puffintheme.com/demo/oculux/assets/vendor/bootstrap-datepicker/js/bootstrap-datepicker.min.js]
[puffintheme.com/demo/oculux/html/page-profile.html]
[puffintheme.com/demo/oculux/html/page-invoices.html]
[puffintheme.com/demo/oculux/html/page-timeline.html]
[puffintheme.com/demo/oculux/html/assets/bundles/knob.bundle.js]
[puffintheme.com/demo/oculux/html/assets/bundles/flotscripts.bundle.js]
[puffintheme.com/demo/oculux/html/assets/bundles/jvectormap.bundle.js]
[puffintheme.com/demo/oculux/html/assets/js/index4.js]
[puffintheme.com/demo/oculux/html/index4.html]
[puffintheme.com/demo/oculux/assets/images/xs/avatar9.jpg]
[puffintheme.com/demo/oculux/html/assets/js/index5.js]
[puffintheme.com/demo/oculux/html/index5.html]
[puffintheme.com/demo/oculux/html/assets/js/index6.js]
[puffintheme.com/demo/oculux/html/index6.html]
[puffintheme.com/demo/oculux/assets/vendor/jvectormap/jquery-jvectormap-us-aea-en.js]
[puffintheme.com/demo/oculux/html/assets/js/index7.js]
[puffintheme.com/demo/oculux/html/index7.html]
[puffintheme.com/demo/oculux/html/assets/js/index8.js]
[puffintheme.com/demo/oculux/html/index8.html]
[puffintheme.com/demo/oculux/assets/vendor/flot-charts/jquery.flot.time.js]
[puffintheme.com/demo/oculux/assets/vendor/flot-charts/jquery.flot.selection.js]
[puffintheme.com/demo/oculux/html/assets/js/index9.js]
[puffintheme.com/demo/oculux/html/index9.html]
[puffintheme.com/demo/oculux/html/assets/js/index10.js]
[puffintheme.com/demo/oculux/html/index10.html]
[puffintheme.com/demo/oculux/html/assets/js/index11.js]
[puffintheme.com/demo/oculux/html/index11.html]
[puffintheme.com/demo/oculux/html/assets/bundles/chartist.bundle.js]
[puffintheme.com/demo/oculux/assets/vendor/toastr/toastr.min.js]
[puffintheme.com/demo/oculux/html/assets/js/index2.js]
[puffintheme.com/demo/oculux/html/index2.html]
[puffintheme.com/demo/oculux/html/assets/js/index3.js]
[puffintheme.com/demo/oculux/html/index3.html]
[puffintheme.com/demo/oculux/hrms/favicon.ico]
[puffintheme.com/demo/oculux/hrms/page-login.html]
[puffintheme.com/demo/oculux/hrms/page-invoices-detail.html]
[puffintheme.com/demo/oculux/hrms/users.html]
[puffintheme.com/demo/oculux/hrms/holidays.html]
[puffintheme.com/demo/oculux/hrms/events.html]
[puffintheme.com/demo/oculux/hrms/payroll.html]
[puffintheme.com/demo/oculux/hrms/accounts.html]
[puffintheme.com/demo/oculux/hrms/report.html]
[puffintheme.com/demo/oculux/hrms/profile.html]
[puffintheme.com/demo/oculux/hrms/app-inbox.html]
[puffintheme.com/demo/oculux/hrms/departments.html]
[puffintheme.com/demo/oculux/hrms/employee.html]
[puffintheme.com/demo/oculux/hrms/activities.html]
[puffintheme.com/demo/oculux/html/assets/js/hrdashboard.js]
[puffintheme.com/demo/oculux/hrms/index.html]
[puffintheme.com/demo/oculux/jobportal/favicon.ico]
[puffintheme.com/demo/oculux/jobportal/page-login.html]
[puffintheme.com/demo/oculux/jobportal/page-invoices-detail.html]
[puffintheme.com/demo/oculux/jobportal/users.html]
[puffintheme.com/demo/oculux/jobportal/holidays.html]
[puffintheme.com/demo/oculux/jobportal/events.html]
[puffintheme.com/demo/oculux/jobportal/payroll.html]
[puffintheme.com/demo/oculux/jobportal/accounts.html]
[puffintheme.com/demo/oculux/jobportal/report.html]
[puffintheme.com/demo/oculux/jobportal/profile.html]
[puffintheme.com/demo/oculux/jobportal/app-inbox.html]
[puffintheme.com/demo/oculux/jobportal/positions.html]
[puffintheme.com/demo/oculux/jobportal/applicants.html]
[puffintheme.com/demo/oculux/jobportal/resumes.html]
[puffintheme.com/demo/oculux/jobportal/settings.html]
[puffintheme.com/demo/oculux/html/assets/js/jobdashboard.js]
[puffintheme.com/demo/oculux/jobportal/index.html]
[puffintheme.com/demo/oculux/landing/favicon.ico]
[puffintheme.com/demo/oculux/landing/assets/img/logo.png]
[puffintheme.com/demo/oculux/landing/assets/img/hero-1.png]
[puffintheme.com/demo/oculux/landing/assets/img/features-1.png]
[puffintheme.com/demo/oculux/landing/assets/img/features-2.png]
[puffintheme.com/demo/oculux/landing/assets/img/team/team-01.jpg]
[puffintheme.com/demo/oculux/landing/assets/img/team/team-02.jpg]
[puffintheme.com/demo/oculux/landing/assets/img/team/team-03.jpg]
[puffintheme.com/demo/oculux/landing/assets/img/team/team-04.jpg]
[puffintheme.com/demo/oculux/landing/assets/img/clients/img1.png]
[puffintheme.com/demo/oculux/landing/assets/img/clients/img2.png]
[puffintheme.com/demo/oculux/landing/assets/img/clients/img3.png]
[puffintheme.com/demo/oculux/landing/assets/img/clients/img4.png]
[puffintheme.com/demo/oculux/landing/assets/img/sm/avatar1.jpg]
[puffintheme.com/demo/oculux/landing/assets/img/sm/avatar2.jpg]
[puffintheme.com/demo/oculux/landing/assets/img/logo-light.png]
[puffintheme.com/demo/oculux/landing/assets/js/jquery-min.js]
[puffintheme.com/demo/oculux/landing/assets/js/popper.min.js]
[puffintheme.com/demo/oculux/landing/assets/js/bootstrap.min.js]
[puffintheme.com/demo/oculux/landing/assets/js/wow.js]
[puffintheme.com/demo/oculux/landing/assets/js/scrolling-nav.js]
[puffintheme.com/demo/oculux/landing/assets/js/owl.carousel.min.js]
[puffintheme.com/demo/oculux/landing/assets/js/jquery.nav.js]
[puffintheme.com/demo/oculux/landing/assets/js/jquery.easing.min.js]
[puffintheme.com/demo/oculux/landing/assets/js/jquery.slicknav.js]
[puffintheme.com/demo/oculux/landing/assets/js/particles.min.js]
[puffintheme.com/demo/oculux/landing/assets/js/main.js]
[puffintheme.com/demo/oculux/landing/assets/js/form-validator.min.js]
[puffintheme.com/demo/oculux/landing/assets/js/contact-form-script.min.js]
[puffintheme.com/demo/oculux/landing/assets/js/particlesjs.js]
[puffintheme.com/demo/oculux/landing/index.html]
[puffintheme.com/demo/oculux/html/app-contact.html]
[puffintheme.com/demo/oculux/assets/images/sm/avatar2.jpg]
[puffintheme.com/demo/oculux/assets/images/sm/avatar4.jpg]
[puffintheme.com/demo/oculux/assets/images/sm/avatar5.jpg]
[puffintheme.com/demo/oculux/assets/images/sm/avatar6.jpg]
[puffintheme.com/demo/oculux/html/app-contact2.html]
[puffintheme.com/demo/oculux/assets/vendor/nestable/jquery.nestable.js]
[puffintheme.com/demo/oculux/html/assets/js/pages/ui/sortable-nestable.js]
[puffintheme.com/demo/oculux/html/app-taskboard.html]
[puffintheme.com/demo/oculux/html/app-project-list.html]
[puffintheme.com/demo/oculux/html/app-ticket.html]
[puffintheme.com/demo/oculux/assets/vendor/summernote/dist/summernote.js]
[puffintheme.com/demo/oculux/html/app-ticket-details.html]
[puffintheme.com/demo/oculux/html/app-clients.html]
[puffintheme.com/demo/oculux/html/app-todo.html]
[puffintheme.com/demo/oculux/html/ui-icons.html]
[puffintheme.com/demo/oculux/html/ui-icons-line.html]
[puffintheme.com/demo/oculux/html/ui-icons-themify.html]
[puffintheme.com/demo/oculux/html/ui-bootstrap.html]
[puffintheme.com/demo/oculux/html/ui-typography.html]
[puffintheme.com/demo/oculux/html/ui-colors.html]
[puffintheme.com/demo/oculux/html/ui-buttons.html]
[puffintheme.com/demo/oculux/html/ui-tabs.html]
[puffintheme.com/demo/oculux/assets/vendor/bootstrap-progressbar/js/bootstrap-progressbar.min.js]
[puffintheme.com/demo/oculux/html/ui-progressbars.html]
[puffintheme.com/demo/oculux/assets/vendor/dropify/js/dropify.js]
[puffintheme.com/demo/oculux/assets/vendor/jquery-steps/jquery.steps.js]
[puffintheme.com/demo/oculux/html/assets/js/pages/forms/dropify.js]
[puffintheme.com/demo/oculux/html/assets/js/pages/forms/form-wizard.js]
[puffintheme.com/demo/oculux/html/ui-modals.html]
[puffintheme.com/demo/oculux/assets/vendor/toastr/toastr.js]
[puffintheme.com/demo/oculux/html/ui-notifications.html]
[puffintheme.com/demo/oculux/assets/vendor/sweetalert/sweetalert.min.js]
[puffintheme.com/demo/oculux/html/assets/js/pages/ui/dialogs.js]
[puffintheme.com/demo/oculux/html/ui-dialogs.html]
[puffintheme.com/demo/oculux/html/ui-list-group.html]
[puffintheme.com/demo/oculux/html/ui-media-object.html]
[puffintheme.com/demo/oculux/html/ui-nestable.html]
[puffintheme.com/demo/oculux/assets/vendor/rangeslider/js/ion.rangeSlider.js]
[puffintheme.com/demo/oculux/html/assets/js/pages/range-sliders.js]
[puffintheme.com/demo/oculux/html/ui-range-sliders.html]
[puffintheme.com/demo/oculux/html/ui-helper-class.html]
[puffintheme.com/demo/oculux/html/forms-basic.html]
[puffintheme.com/demo/oculux/assets/vendor/bootstrap-colorpicker/js/bootstrap-colorpicker.js]
[puffintheme.com/demo/oculux/assets/vendor/jquery-inputmask/jquery.inputmask.bundle.js]
[puffintheme.com/demo/oculux/assets/vendor/jquery.maskedinput/jquery.maskedinput.min.js]
[puffintheme.com/demo/oculux/assets/vendor/multi-select/js/jquery.multi-select.js]
[puffintheme.com/demo/oculux/assets/vendor/bootstrap-multiselect/bootstrap-multiselect.js]
[puffintheme.com/demo/oculux/assets/vendor/bootstrap-tagsinput/bootstrap-tagsinput.js]
[puffintheme.com/demo/oculux/assets/vendor/nouislider/nouislider.js]
[puffintheme.com/demo/oculux/html/assets/js/pages/forms/advanced-form-elements.js]
[puffintheme.com/demo/oculux/html/forms-advanced.html]
[puffintheme.com/demo/oculux/assets/vendor/parsleyjs/js/parsley.min.js]
[puffintheme.com/demo/oculux/html/forms-validation.html]
[puffintheme.com/demo/oculux/assets/vendor/jquery-validation/jquery.validate.js]
[puffintheme.com/demo/oculux/html/forms-wizard.html]
[puffintheme.com/demo/oculux/html/forms-summernote.html]
[puffintheme.com/demo/oculux/html/forms-dragdropupload.html]
[puffintheme.com/demo/oculux/assets/vendor/ckeditor/ckeditor.js]
[puffintheme.com/demo/oculux/html/assets/js/pages/forms/editors.js]
[puffintheme.com/demo/oculux/html/forms-editors.html]
[puffintheme.com/demo/oculux/assets/vendor/markdown/markdown.js]
[puffintheme.com/demo/oculux/assets/vendor/to-markdown/to-markdown.js]
[puffintheme.com/demo/oculux/assets/vendor/bootstrap-markdown/bootstrap-markdown.js]
[puffintheme.com/demo/oculux/html/forms-markdown.html]
[puffintheme.com/demo/oculux/html/cropped.jpg]
[puffintheme.com/demo/oculux/assets/vendor/cropper/cropper.min.js]
[puffintheme.com/demo/oculux/assets/vendor/cropper/cropper-init.js]
[puffintheme.com/demo/oculux/html/forms-cropping.html]
[puffintheme.com/demo/oculux/html/table-normal.html]
[puffintheme.com/demo/oculux/html/table-color.html]
[puffintheme.com/demo/oculux/assets/images/details_open.png]
[puffintheme.com/demo/oculux/assets/images/details_close.png]
[puffintheme.com/demo/oculux/html/assets/bundles/datatablescripts.bundle.js]
[puffintheme.com/demo/oculux/assets/vendor/jquery-datatable/buttons/dataTables.buttons.min.js]
[puffintheme.com/demo/oculux/assets/vendor/jquery-datatable/buttons/buttons.bootstrap4.min.js]
[puffintheme.com/demo/oculux/assets/vendor/jquery-datatable/buttons/buttons.colVis.min.js]
[puffintheme.com/demo/oculux/assets/vendor/jquery-datatable/buttons/buttons.html5.min.js]
[puffintheme.com/demo/oculux/assets/vendor/jquery-datatable/buttons/buttons.print.min.js]
[puffintheme.com/demo/oculux/html/assets/js/pages/tables/jquery-datatable.js]
[puffintheme.com/demo/oculux/html/table-jquery-datatable.html]
[puffintheme.com/demo/oculux/assets/vendor/editable-table/mindmup-editabletable.js]
[puffintheme.com/demo/oculux/html/assets/js/pages/tables/editable-table.js]
[puffintheme.com/demo/oculux/html/table-editable.html]
[puffintheme.com/demo/oculux/html/assets/js/pages/tables/table-filter.js]
[puffintheme.com/demo/oculux/html/table-filter.html]
[puffintheme.com/demo/oculux/assets/vendor/table-dragger/table-dragger.min.js]
[puffintheme.com/demo/oculux/html/table-dragger.html]
[puffintheme.com/demo/oculux/html/assets/js/pages/charts/c3.js]
[puffintheme.com/demo/oculux/html/chart-c3.html]
[puffintheme.com/demo/oculux/html/assets/js/pages/charts/chartjs.js]
[puffintheme.com/demo/oculux/html/chart-chartjs.html]
[puffintheme.com/demo/oculux/html/assets/bundles/morrisscripts.bundle.js]
[puffintheme.com/demo/oculux/html/assets/js/pages/charts/morris.js]
[puffintheme.com/demo/oculux/html/chart-morris.html]
[puffintheme.com/demo/oculux/html/assets/js/pages/charts/flot.js]
[puffintheme.com/demo/oculux/html/chart-flot.html]
[puffintheme.com/demo/oculux/assets/vendor/jquery-sparkline/js/jquery.sparkline.min.js]
[puffintheme.com/demo/oculux/html/assets/js/pages/charts/sparkline.js]
[puffintheme.com/demo/oculux/html/chart-sparkline.html]
[puffintheme.com/demo/oculux/assets/vendor/jquery-knob/jquery.knob.min.js]
[puffintheme.com/demo/oculux/html/assets/js/pages/charts/jquery-knob.js]
[puffintheme.com/demo/oculux/html/chart-jquery-knob.html]
[puffintheme.com/demo/oculux/assets/vendor/jvectormap/jquery-jvectormap-world-mill-en.js]
[puffintheme.com/demo/oculux/assets/vendor/jvectormap/jquery-jvectormap-in-mill.js]
[puffintheme.com/demo/oculux/assets/vendor/jvectormap/jquery-jvectormap-uk-mill-en.js]
[puffintheme.com/demo/oculux/assets/vendor/jvectormap/jquery-jvectormap-au-mill.js]
[puffintheme.com/demo/oculux/html/assets/js/pages/maps/jvectormap.js]
[puffintheme.com/demo/oculux/html/map-jvectormap.html]
[puffintheme.com/demo/oculux/html/assets/js/pages/widgets.js]
[puffintheme.com/demo/oculux/html/widgets.html]
[puffintheme.com/demo/oculux/assets/images/login-img.png]
[puffintheme.com/demo/oculux/html/page-login2.html]
[puffintheme.com/demo/oculux/html/page-register.html]
[puffintheme.com/demo/oculux/html/page-forgot-password.html]
[puffintheme.com/demo/oculux/html/page-404.html]
[puffintheme.com/demo/oculux/html/page-maintenance.html]
[puffintheme.com/demo/oculux/html/page-blank.html]
[puffintheme.com/demo/oculux/html/page-user-list.html]
[puffintheme.com/demo/oculux/html/page-testimonials.html]
[puffintheme.com/demo/oculux/assets/images/preview.png]
[puffintheme.com/demo/oculux/assets/images/preview01.png]
[puffintheme.com/demo/oculux/assets/images/preview02.png]
[puffintheme.com/demo/oculux/assets/images/preview03.png]
[puffintheme.com/demo/oculux/html/page-search-results.html]
[puffintheme.com/demo/oculux/assets/images/image-gallery/13.jpg]
[puffintheme.com/demo/oculux/assets/images/image-gallery/14.jpg]
[puffintheme.com/demo/oculux/html/assets/bundles/lightgallery.bundle.js]
[puffintheme.com/demo/oculux/html/assets/js/pages/medias/image-gallery.js]
[puffintheme.com/demo/oculux/html/page-gallery.html]
[puffintheme.com/demo/oculux/html/page-pricing.html]
[puffintheme.com/demo/oculux/assets/vendor/countdowntime/moment.min.js]
[puffintheme.com/demo/oculux/assets/vendor/countdowntime/moment-timezone.min.js]
[puffintheme.com/demo/oculux/assets/vendor/countdowntime/moment-timezone-with-data.min.js]
[puffintheme.com/demo/oculux/assets/vendor/countdowntime/countdowntime.js]
[puffintheme.com/demo/oculux/html/page-coming-soon.html]
[puffintheme.com/demo/oculux/documentation/favicon.ico]
[puffintheme.com/demo/oculux/documentation/page-social.html]
[puffintheme.com/demo/oculux/documentation/page-news.html]
[puffintheme.com/demo/oculux/documentation/page-blog.html]
[puffintheme.com/demo/oculux/documentation/page-login.html]
[puffintheme.com/demo/oculux/documentation/app-inbox.html]
[puffintheme.com/demo/oculux/documentation/app-chat.html]
[puffintheme.com/demo/oculux/documentation/app-calendar.html]
[puffintheme.com/demo/oculux/documentation/page-profile.html]
[puffintheme.com/demo/oculux/documentation/page-invoices.html]
[puffintheme.com/demo/oculux/documentation/page-timeline.html]
[puffintheme.com/demo/oculux/documentation/assets/img01.png]
[puffintheme.com/demo/oculux/documentation/assets/img02.png]
[puffintheme.com/demo/oculux/documentation/assets/img03.png]
[puffintheme.com/demo/oculux/documentation/assets/img04.png]
[puffintheme.com/demo/oculux/documentation/assets/img05.png]
[puffintheme.com/demo/oculux/documentation/assets/img06.png]
[puffintheme.com/demo/oculux/documentation/assets/img07.png]
[puffintheme.com/demo/oculux/documentation/assets/img08.png]
[puffintheme.com/demo/oculux/documentation/assets/img09.png]
[puffintheme.com/demo/oculux/documentation/assets/img10.png]
[puffintheme.com/demo/oculux/documentation/assets/img11.png]
[puffintheme.com/demo/oculux/documentation/assets/img12.png]
[puffintheme.com/demo/oculux/documentation/index.html]
[puffintheme.com/demo/oculux/assets/vendor/font-awesome/fonts/fontawesome-webfont3e6e.svg]
[puffintheme.com/demo/oculux/html/assets/fonts/simple-Line-Icons.svg]
[puffintheme.com/demo/oculux/html/assets/fonts/weathericons-regular-webfont.svg]
[puffintheme.com/demo/oculux/html/assets/images/image-gallery/13.html]
[puffintheme.com/demo/oculux/html/assets/images/image-gallery/2.html]
[puffintheme.com/demo/oculux/assets/images/flag/ZZ.html]
[puffintheme.com/demo/oculux/assets/vendor/light-gallery/fonts/lgd641.eot]
[puffintheme.com/demo/oculux/assets/vendor/light-gallery/fonts/lgd41d.eot]
[puffintheme.com/demo/oculux/assets/vendor/light-gallery/fonts/lgd641.woff]
[puffintheme.com/demo/oculux/assets/vendor/light-gallery/fonts/lgd641.ttf]
[puffintheme.com/demo/oculux/assets/vendor/light-gallery/img/vimeo-play.png]
[puffintheme.com/demo/oculux/assets/vendor/light-gallery/img/video-play.png]
[puffintheme.com/demo/oculux/assets/vendor/light-gallery/img/youtube-play.png]
[puffintheme.com/demo/oculux/assets/vendor/light-gallery/img/loading.gif]
[puffintheme.com/demo/oculux/assets/vendor/light-gallery/css/lightgallery.css]
[puffintheme.com/demo/oculux/html/page-blog-post.html]
[puffintheme.com/demo/oculux/html/app-compose.html]
[puffintheme.com/demo/oculux/html/app-inbox-detail.html]
[puffintheme.com/demo/oculux/assets/vendor/fullcalendar/fullcalendar.min.css]
[puffintheme.com/demo/oculux/assets/vendor/bootstrap-datepicker/css/bootstrap-datepicker3.min.css]
[puffintheme.com/demo/oculux/assets/vendor/jquery-datatable/dataTables.bootstrap4.min.css]
[puffintheme.com/demo/oculux/assets/vendor/jvectormap/jquery-jvectormap-2.0.3.css]
[puffintheme.com/demo/oculux/assets/vendor/morrisjs/morris.css]
[puffintheme.com/demo/oculux/assets/vendor/chartist/css/chartist.min.css]
[puffintheme.com/demo/oculux/assets/vendor/chartist-plugin-tooltip/chartist-plugin-tooltip.css]
[puffintheme.com/demo/oculux/assets/images/flag/au.svg]
[puffintheme.com/demo/oculux/assets/images/flag/ca.svg]
[puffintheme.com/demo/oculux/assets/images/flag/nl.svg]
[puffintheme.com/demo/oculux/assets/vendor/chartist/css/chartist.css]
[puffintheme.com/demo/oculux/assets/vendor/toastr/toastr.min.css]
[puffintheme.com/demo/oculux/assets/images/coin/BTC.svg]
[puffintheme.com/demo/oculux/assets/images/coin/LTC.svg]
[puffintheme.com/demo/oculux/assets/images/coin/ETH.svg]
[puffintheme.com/demo/oculux/assets/images/coin/neo.svg]
[puffintheme.com/demo/oculux/assets/images/coin/ETC.svg]
[puffintheme.com/demo/oculux/assets/images/coin/qtum.svg]
[puffintheme.com/demo/oculux/assets/images/coin/XRP.svg]
[puffintheme.com/demo/oculux/hrms/page-login.html]
[puffintheme.com/demo/oculux/hrms/page-invoices-detail.html]
[puffintheme.com/demo/oculux/hrms/users.html]
[puffintheme.com/demo/oculux/hrms/holidays.html]
[puffintheme.com/demo/oculux/html/assets/js/pages/calendar2.js]
[puffintheme.com/demo/oculux/hrms/events.html]
[puffintheme.com/demo/oculux/hrms/{{route('pages.invoicedetails')}}]
[puffintheme.com/demo/oculux/hrms/payroll.html]
[puffintheme.com/demo/oculux/assets/images/paypal.png]
[puffintheme.com/demo/oculux/assets/images/mastercard.png]
[puffintheme.com/demo/oculux/assets/images/visa-card.png]
[puffintheme.com/demo/oculux/hrms/accounts.html]
[puffintheme.com/demo/oculux/hrms/report.html]
[puffintheme.com/demo/oculux/hrms/app-chat.html]
[puffintheme.com/demo/oculux/hrms/app-calendar.html]
[puffintheme.com/demo/oculux/hrms/page-profile.html]
[puffintheme.com/demo/oculux/hrms/page-invoices.html]
[puffintheme.com/demo/oculux/hrms/page-timeline.html]
[puffintheme.com/demo/oculux/hrms/profile.html]
[puffintheme.com/demo/oculux/hrms/app-inbox.html]
[puffintheme.com/demo/oculux/hrms/departments.html]
[puffintheme.com/demo/oculux/html/assets/bundles/datatablescripts.bundle.js') }}]
[puffintheme.com/demo/oculux/assets/vendor/dropify/js/dropify.min.js]
[puffintheme.com/demo/oculux/hrms/employee.html]
[puffintheme.com/demo/oculux/hrms/activities.html]
[puffintheme.com/demo/oculux/jobportal/page-login.html]
[puffintheme.com/demo/oculux/jobportal/page-invoices-detail.html]
[puffintheme.com/demo/oculux/jobportal/users.html]
[puffintheme.com/demo/oculux/jobportal/holidays.html]
[puffintheme.com/demo/oculux/jobportal/events.html]
[puffintheme.com/demo/oculux/jobportal/payroll.html]
[puffintheme.com/demo/oculux/jobportal/accounts.html]
[puffintheme.com/demo/oculux/jobportal/report.html]
[puffintheme.com/demo/oculux/jobportal/profile.html]
[puffintheme.com/demo/oculux/jobportal/app-inbox.html]
[puffintheme.com/demo/oculux/jobportal/positions.html]
[puffintheme.com/demo/oculux/jobportal/applicants.html]
[puffintheme.com/demo/oculux/jobportal/resumes.html]
[puffintheme.com/demo/oculux/jobportal/settings.html]
[puffintheme.com/demo/oculux/landing/assets/fonts/glyphicons-halflings-regular.eot]
[puffintheme.com/demo/oculux/landing/assets/fonts/glyphicons-halflings-regulard41d.eot]
[puffintheme.com/demo/oculux/landing/assets/fonts/glyphicons-halflings-regular.woff2]
[puffintheme.com/demo/oculux/landing/assets/fonts/glyphicons-halflings-regular.woff]
[puffintheme.com/demo/oculux/landing/assets/fonts/glyphicons-halflings-regular.ttf]
[puffintheme.com/demo/oculux/landing/assets/fonts/glyphicons-halflings-regular.svg]
[puffintheme.com/demo/oculux/landing/assets/css/bootstrap.min.css]
[puffintheme.com/demo/oculux/landing/assets/fonts/LineIconsa7fb.eot]
[puffintheme.com/demo/oculux/landing/assets/fonts/LineIconsa7fb.ttf]
[puffintheme.com/demo/oculux/landing/assets/fonts/LineIconsa7fb.woff]
[puffintheme.com/demo/oculux/landing/assets/fonts/line-icons.css]
[puffintheme.com/demo/oculux/landing/assets/css/animate.css]
[puffintheme.com/demo/oculux/landing/assets/css/slicknav.css]
[puffintheme.com/demo/oculux/landing/assets/css/owl.video.play.1aa.delayed]
[puffintheme.com/demo/oculux/landing/assets/css/owl.carousel.min.css]
[puffintheme.com/demo/oculux/landing/assets/css/owl.theme.css]
[puffintheme.com/demo/oculux/landing/assets/css/main.css]
[puffintheme.com/demo/oculux/landing/assets/css/responsive.css]
[puffintheme.com/demo/oculux/assets/images/plan-1.svg]
[puffintheme.com/demo/oculux/assets/images/plan-2.svg]
[puffintheme.com/demo/oculux/assets/images/plan-3.svg]
[puffintheme.com/demo/oculux/assets/vendor/nestable/jquery-nestable.css]
[puffintheme.com/demo/oculux/assets/vendor/summernote/dist/font/summernotef534.eot]
[puffintheme.com/demo/oculux/assets/vendor/summernote/dist/font/summernoted41d.eot]
[puffintheme.com/demo/oculux/assets/vendor/summernote/dist/font/summernotef534.woff]
[puffintheme.com/demo/oculux/assets/vendor/summernote/dist/font/summernotef534.ttf]
[puffintheme.com/demo/oculux/assets/vendor/summernote/dist/summernote.css]
[puffintheme.com/demo/oculux/assets/vendor/themify-icons/fonts/themify9f24.eot]
[puffintheme.com/demo/oculux/assets/vendor/themify-icons/fonts/themifyd41d.eot]
[puffintheme.com/demo/oculux/assets/vendor/themify-icons/fonts/themify9f24.woff]
[puffintheme.com/demo/oculux/assets/vendor/themify-icons/fonts/themify9f24.ttf]
[puffintheme.com/demo/oculux/assets/vendor/themify-icons/themify-icons.css]
[puffintheme.com/demo/oculux/assets/vendor/themify-icons/demo-files/demo.css]
[puffintheme.com/demo/oculux/html/assets/css/demo.css]
[puffintheme.com/demo/oculux/assets/vendor/bootstrap-progressbar/css/bootstrap-progressbar-3.3.4.min.css]
[puffintheme.com/demo/oculux/assets/vendor/dropify/fonts/dropify.eot]
[puffintheme.com/demo/oculux/assets/vendor/dropify/fonts/dropify.woff]
[puffintheme.com/demo/oculux/assets/vendor/dropify/fonts/dropify.ttf]
[puffintheme.com/demo/oculux/assets/vendor/dropify/css/dropify.min.css]
[puffintheme.com/demo/oculux/assets/vendor/jquery-steps/jquery.steps.css]
[puffintheme.com/demo/oculux/assets/vendor/sweetalert/sweetalert.css]
[puffintheme.com/demo/oculux/assets/vendor/rangeslider/css/ion.rangeSlider.css]
[puffintheme.com/demo/oculux/assets/vendor/rangeslider/img/sprite-skin-modern.png]
[puffintheme.com/demo/oculux/assets/vendor/rangeslider/css/ion.rangeSlider.skinModern.css]
[puffintheme.com/demo/oculux/assets/vendor/bootstrap-multiselect/bootstrap-multiselect.css]
[puffintheme.com/demo/oculux/assets/vendor/bootstrap-colorpicker/img/bootstrap-colorpicker/saturation.png]
[puffintheme.com/demo/oculux/assets/vendor/bootstrap-colorpicker/img/bootstrap-colorpicker/hue.png]
[puffintheme.com/demo/oculux/assets/vendor/bootstrap-colorpicker/img/bootstrap-colorpicker/alpha.png]
[puffintheme.com/demo/oculux/assets/vendor/bootstrap-colorpicker/img/bootstrap-colorpicker/hue-horizontal.png]
[puffintheme.com/demo/oculux/assets/vendor/bootstrap-colorpicker/img/bootstrap-colorpicker/alpha-horizontal.png]
[puffintheme.com/demo/oculux/assets/vendor/bootstrap-colorpicker/css/bootstrap-colorpicker.css]
[puffintheme.com/demo/oculux/assets/vendor/multi-select/img/switch.png]
[puffintheme.com/demo/oculux/assets/vendor/multi-select/css/multi-select.css]
[puffintheme.com/demo/oculux/assets/vendor/bootstrap-tagsinput/bootstrap-tagsinput.css]
[puffintheme.com/demo/oculux/assets/vendor/nouislider/nouislider.min.css]
[puffintheme.com/demo/oculux/assets/vendor/parsleyjs/css/parsley.css]
[puffintheme.com/demo/oculux/assets/vendor/bootstrap-markdown/bootstrap-markdown.min.css]
[puffintheme.com/demo/oculux/assets/vendor/cropper/cropper.min.css]
[puffintheme.com/demo/oculux/html/cropped.html]
[puffintheme.com/demo/oculux/assets/vendor/jquery-datatable/fixedeader/dataTables.fixedcolumns.bootstrap4.min.css]
[puffintheme.com/demo/oculux/assets/vendor/jquery-datatable/fixedeader/dataTables.fixedheader.bootstrap4.min.css]
[puffintheme.com/demo/oculux/assets/images/details_open.html]
[puffintheme.com/demo/oculux/assets/images/details_close.html]
[puffintheme.com/demo/oculux/assets/vendor/table-dragger/table-dragger.min.css]
[puffintheme.com/demo/oculux/documentation/page-social.html]
[puffintheme.com/demo/oculux/documentation/page-news.html]
[puffintheme.com/demo/oculux/documentation/page-blog.html]
[puffintheme.com/demo/oculux/documentation/page-login.html]
[puffintheme.com/demo/oculux/documentation/app-inbox.html]
[puffintheme.com/demo/oculux/documentation/app-chat.html]
[puffintheme.com/demo/oculux/documentation/app-calendar.html]
[puffintheme.com/demo/oculux/documentation/page-profile.html]
[puffintheme.com/demo/oculux/documentation/page-invoices.html]
[puffintheme.com/demo/oculux/documentation/page-timeline.html]
[puffintheme.com/demo/oculux/assets/vendor/light-gallery/fonts/lgd641.svg]
[puffintheme.com/demo/oculux/hrms/{{route('pages.html]
[puffintheme.com/demo/oculux/hrms/app-chat.html]
[puffintheme.com/demo/oculux/hrms/app-calendar.html]
[puffintheme.com/demo/oculux/hrms/page-profile.html]
[puffintheme.com/demo/oculux/hrms/page-invoices.html]
[puffintheme.com/demo/oculux/hrms/page-timeline.html]
[puffintheme.com/demo/oculux/html/assets/bundles/datatablescripts.bundle.html]
[puffintheme.com/demo/oculux/landing/assets/fonts/glyphicons-halflings-regular.html]
[puffintheme.com/demo/oculux/landing/assets/fonts/glyphicons-halflings-regulard41d.html]
[puffintheme.com/demo/oculux/landing/assets/fonts/glyphicons-halflings-regular-2.html]
[puffintheme.com/demo/oculux/landing/assets/fonts/glyphicons-halflings-regular-3.html]
[puffintheme.com/demo/oculux/landing/assets/fonts/glyphicons-halflings-regular-4.html]
[puffintheme.com/demo/oculux/landing/assets/fonts/glyphicons-halflings-regular-5.html]
[puffintheme.com/demo/oculux/landing/assets/fonts/LineIconsa7fb.svg]
[puffintheme.com/demo/oculux/landing/assets/css/owl.video.play.html]
[puffintheme.com/demo/oculux/assets/vendor/themify-icons/fonts/themify9f24.svg]
[puffintheme.com/demo/oculux/assets/vendor/dropify/fonts/dropify.svg]
