[sb-clickboom.mybigcommerce.com/index.html]
[backblue.gif]
[fade.gif]
[index.html]
[cdn11.bigcommerce.com/s-5jeysafj8q/stencil/d7a3b3a0-fb9a-0136-bca6-1b3c63b2f4dc/e/7d147310-fb9b-0136-a892-03abfbabe237/css/theme-e66d7b10-fb9a-0136-2016-0758c51394b6.css]
[cdn11.bigcommerce.com/shared/js/beacon_api-d53f0a39a11dacaa85063ca4f4aba159a609185d.js]
[sb-clickboom.mybigcommerce.com/product_images/uploaded_images/breadcrumbs.png]
[sb-clickboom.mybigcommerce.com/product_images/uploaded_images/bg-deals.jpg]
[cdn11.bigcommerce.com/s-5jeysafj8q/images/stencil/250x100/logo_1544415020__65511.original.png]
[sb-clickboom.mybigcommerce.com/collections/index.html]
[sb-clickboom.mybigcommerce.com/smartphone/electronic/index.html]
[sb-clickboom.mybigcommerce.com/smartphone/electronic/smartphone/index.html]
[sb-clickboom.mybigcommerce.com/smartphone/electronic/fans/index.html]
[sb-clickboom.mybigcommerce.com/smartphone/electronic/tv/index.html]
[sb-clickboom.mybigcommerce.com/smartphone/electronic/headphone/index.html]
[sb-clickboom.mybigcommerce.com/smartphone/game-box/index.html]
[sb-clickboom.mybigcommerce.com/cart.html]
[sb-clickboom.mybigcommerce.com/smartphone/game-box/accessories/index.html]
[sb-clickboom.mybigcommerce.com/smartphone/game-box/microsoft/index.html]
[sb-clickboom.mybigcommerce.com/smartphone/game-box/nvidia/index.html]
[sb-clickboom.mybigcommerce.com/smartphone/game-box/sony/index.html]
[sb-clickboom.mybigcommerce.com/collections/headphone/index.html]
[sb-clickboom.mybigcommerce.com/smartphone/headphone/apple/index.html]
[sb-clickboom.mybigcommerce.com/smartphone/headphone/beats-audio/index.html]
[sb-clickboom.mybigcommerce.com/smartphone/headphone/microlab/index.html]
[sb-clickboom.mybigcommerce.com/login.html]
[sb-clickboom.mybigcommerce.com/smartphone/headphone/sony-walkman/index.html]
[sb-clickboom.mybigcommerce.com/smartphone/camera/index.html]
[sb-clickboom.mybigcommerce.com/smartphone/camera/accessories/index.html]
[sb-clickboom.mybigcommerce.com/smartphone/camera/cannon/index.html]
[sb-clickboom.mybigcommerce.com/smartphone/camera/lg/index.html]
[sb-clickboom.mybigcommerce.com/smartphone/camera/nikon/index.html]
[sb-clickboom.mybigcommerce.com/computer-off/index.html]
[sb-clickboom.mybigcommerce.com/compare.html]
[sb-clickboom.mybigcommerce.com/computer-office/computer-components/index.html]
[sb-clickboom.mybigcommerce.com/computer-office/computer-components/3d-printers/index.html]
[sb-clickboom.mybigcommerce.com/computer-office/computer-components/printer-supplies/index.html]
[sb-clickboom.mybigcommerce.com/computer-office/computer-components/projectors/index.html]
[sb-clickboom.mybigcommerce.com/computer-office/computer-components/3d-scanners/index.html]
[sb-clickboom.mybigcommerce.com/login830b.html]
[sb-clickboom.mybigcommerce.com/computer-office/office-electronics/index.html]
[sb-clickboom.mybigcommerce.com/computer-office/office-electronics/mouse-keyboards/index.html]
[sb-clickboom.mybigcommerce.com/computer-office/office-electronics/usb-gadgets/index.html]
[sb-clickboom.mybigcommerce.com/computer-office/office-electronics/usb-hubs/index.html]
[sb-clickboom.mybigcommerce.com/computer-office/office-electronics/webcams/index.html]
[sb-clickboom.mybigcommerce.com/computer-office/computer-peripherals/cpus/index.html]
[sb-clickboom.mybigcommerce.com/shop/peripherals/index.html]
[sb-clickboom.mybigcommerce.com/computer-office/computer-peripherals/graphics-cards/index.html]
[sb-clickboom.mybigcommerce.com/logind85d.html]
[sb-clickboom.mybigcommerce.com/computer-office/computer-peripherals/motherboards/index.html]
[sb-clickboom.mybigcommerce.com/computer-office/computer-peripherals/rams/index.html]
[sb-clickboom.mybigcommerce.com/computer-office/tablets/index.html]
[sb-clickboom.mybigcommerce.com/computer-office/tablets/ipad/index.html]
[sb-clickboom.mybigcommerce.com/computer-office/tablets/android-tablets/index.html]
[cdn11.bigcommerce.com/s-5jeysafj8q/product_images/theme_images/Image_Slider_011de9.png]
[sb-clickboom.mybigcommerce.com/home-garden/index.html]
[sb-clickboom.mybigcommerce.com/home-garden/arts-crafts-sewing/index.html]
[sb-clickboom.mybigcommerce.com/home-garden/arts-crafts-sewing/apparel-sewing-fabric/index.html]
[sb-clickboom.mybigcommerce.com/home-garden/arts-crafts-sewing/cross-stitch/index.html]
[cdn11.bigcommerce.com/s-5jeysafj8q/product_images/theme_images/Image_Slider_021de9.jpg]
[sb-clickboom.mybigcommerce.com/home-garden/arts-crafts-sewing/fabric/index.html]
[sb-clickboom.mybigcommerce.com/home-garden/arts-crafts-sewing/needle-arts-crafts/index.html]
[sb-clickboom.mybigcommerce.com/home-garden/home-textile/index.html]
[sb-clickboom.mybigcommerce.com/home-garden/home-textile/bedding/index.html]
[cdn11.bigcommerce.com/s-5jeysafj8q/content/home1/banners/custom_banner1.png]
[sb-clickboom.mybigcommerce.com/home-garden/home-textile/curtains/index.html]
[sb-clickboom.mybigcommerce.com/home-garden/home-textile/pillows/index.html]
[sb-clickboom.mybigcommerce.com/home-garden/home-textile/towelstowels/index.html]
[sb-clickboom.mybigcommerce.com/home-garden/kitchen-dining-bar/index.html]
[sb-clickboom.mybigcommerce.com/home-garden/kitchen-dining-bar/coffeeware/index.html]
[cdn11.bigcommerce.com/s-5jeysafj8q/content/home1/banners/custom_banner2.png]
[sb-clickboom.mybigcommerce.com/home-garden/kitchen-dining-bar/dinnerware/index.html]
[sb-clickboom.mybigcommerce.com/home-garden/kitchen-dining-bar/barware/index.html]
[sb-clickboom.mybigcommerce.com/home-garden/kitchen-dining-bar/teaware/index.html]
[sb-clickboom.mybigcommerce.com/home-decor/index.html]
[sb-clickboom.mybigcommerce.com/home-decor/clocks/index.html]
[sb-clickboom.mybigcommerce.com/home-decor/photo-albums/index.html]
[sb-clickboom.mybigcommerce.com/home-decor/wall-stickers/index.html]
[sb-clickboom.mybigcommerce.com/cart71c0.html]
[sb-clickboom.mybigcommerce.com/home-decor/ornaments/index.html]
[sb-clickboom.mybigcommerce.com/computer-office/tablets/phone-call-tablets/index.html]
[sb-clickboom.mybigcommerce.com/gifts-sport-toys/index.html]
[sb-clickboom.mybigcommerce.com/health-beauty/index.html]
[sb-clickboom.mybigcommerce.com/tv/index.html]
[sb-clickboom.mybigcommerce.com/laptop/index.html]
[sb-clickboom.mybigcommerce.com/cart6478.html]
[sb-clickboom.mybigcommerce.com/accessories/index.html]
[sb-clickboom.mybigcommerce.com/brand/index.html]
[sb-clickboom.mybigcommerce.com/organic/index.html]
[sb-clickboom.mybigcommerce.com/digital-electric/index.html]
[sb-clickboom.mybigcommerce.com/blog/index.html]
[sb-clickboom.mybigcommerce.com/pages/index.html]
[sb-clickboom.mybigcommerce.com/contact-us/index.html]
[sb-clickboom.mybigcommerce.com/about-us/index.html]
[sb-clickboom.mybigcommerce.com/cartdcc5.html]
[sb-clickboom.mybigcommerce.com/faqs/index.html]
[sb-clickboom.mybigcommerce.com/services/index.html]
[sb-clickboom.mybigcommerce.com/support-24-7/index.html]
[sb-clickboom.mybigcommerce.com/photo-gallery/index.html]
[sb-clickboom.mybigcommerce.com/shipping-returns/index.html]
[sb-clickboom.mybigcommerce.com/index85eb.html]
[sb-clickboom.mybigcommerce.com/cart8c7c.html]
[sb-clickboom.mybigcommerce.com/index612c.html]
[sb-clickboom.mybigcommerce.com/able-brewing-system-care/index.html]
[sb-clickboom.mybigcommerce.com/tiered-wire-basket-detergent/index.html]
[sb-clickboom.mybigcommerce.com/canvas-laundry-cart-small/index.html]
[sb-clickboom.mybigcommerce.com/chemex-coffeemaker-3-cup/index.html]
[sb-clickboom.mybigcommerce.com/cart964e.html]
[sb-clickboom.mybigcommerce.com/fog-linen-chambray-towel-beige-stripe/index.html]
[sb-clickboom.mybigcommerce.com/orbit-terrarium-large/index.html]
[sb-clickboom.mybigcommerce.com/oak-cheese-grater/index.html]
[sb-clickboom.mybigcommerce.com/cartfa27.html]
[sb-clickboom.mybigcommerce.com/orbit-terrarium-small/index.html]
[sb-clickboom.mybigcommerce.com/cartfcf3.html]
[cdn11.bigcommerce.com/s-5jeysafj8q/content/home1/banners/custom_banner_sidebar.png]
[cdn11.bigcommerce.com/s-5jeysafj8q/content/home1/banners/custom_banner3.png]
[sb-clickboom.mybigcommerce.com/laundry-detergent/index.html]
[sb-clickboom.mybigcommerce.com/cart72ac.html]
[sb-clickboom.mybigcommerce.com/smith-journal-13/index.html]
[sb-clickboom.mybigcommerce.com/cart715a.html]
[sb-clickboom.mybigcommerce.com/utility-caddy/index.html]
[sb-clickboom.mybigcommerce.com/cart4418.html]
[sb-clickboom.mybigcommerce.com/dustpan-brush/index.html]
[sb-clickboom.mybigcommerce.com/cart6dc0.html]
[cdn11.bigcommerce.com/s-5jeysafj8q/content/home1/banners/custom_banner4.png]
[cdn11.bigcommerce.com/s-5jeysafj8q/content/home1/banners/custom_banner5.png]
[cdn11.bigcommerce.com/s-5jeysafj8q/stencil/d7a3b3a0-fb9a-0136-bca6-1b3c63b2f4dc/e/7d147310-fb9b-0136-a892-03abfbabe237/dist/theme-bundle.main.js]
[cdn11.bigcommerce.com/s-5jeysafj8q/stencil/d7a3b3a0-fb9a-0136-bca6-1b3c63b2f4dc/e/7d147310-fb9b-0136-a892-03abfbabe237/modernizr-custom.js]
[sb-clickboom.mybigcommerce.com/blog/proin-dictum-justo-a-nisl-fc2ba1/index.html]
[sb-clickboom.mybigcommerce.com/blog/proin-dictum-justo-a-nisl/index.html]
[sb-clickboom.mybigcommerce.com/blog/mauris-in-pellentesque-tellus/index.html]
[sb-clickboom.mybigcommerce.com/blog/fusce-sagittis-massa-id-eros/index.html]
[sb-clickboom.mybigcommerce.com/blog/aenean-molestie-justo/index.html]
[sb-clickboom.mybigcommerce.com/blog/digital-event-january-2018/index.html]
[sb-clickboom.mybigcommerce.com/logindda8.html]
[sb-clickboom.mybigcommerce.com/brands/common-good/index.html]
[sb-clickboom.mybigcommerce.com/brands/ofs/index.html]
[sb-clickboom.mybigcommerce.com/brands/sagaform/index.html]
[sb-clickboom.mybigcommerce.com/login479d.html]
[sb-clickboom.mybigcommerce.com/brands/index.html]
[sb-clickboom.mybigcommerce.com/login8e0b.html]
[sb-clickboom.mybigcommerce.com/login5df3.html]
[sb-clickboom.mybigcommerce.com/logind1fa.html]
[sb-clickboom.mybigcommerce.com/login91d7.html]
[sb-clickboom.mybigcommerce.com/loginbb46.html]
[sb-clickboom.mybigcommerce.com/logine921.html]
[sb-clickboom.mybigcommerce.com/login1273.html]
[sb-clickboom.mybigcommerce.com/login83b1.html]
[sb-clickboom.mybigcommerce.com/login5946.html]
[sb-clickboom.mybigcommerce.com/login41f5.html]
[sb-clickboom.mybigcommerce.com/loginb320.html]
[sb-clickboom.mybigcommerce.com/login8311.html]
[sb-clickboom.mybigcommerce.com/login5485.html]
[sb-clickboom.mybigcommerce.com/logina61b.html]
[sb-clickboom.mybigcommerce.com/checkout.html]
[sb-clickboom.mybigcommerce.com/pages187d.php]
[cdn11.bigcommerce.com/r-6fbcb23fc6f57fe4b63f62d66e95155a1ce6b177/javascript/visitor_stencil.js]
[sb-clickboom.mybigcommerce.com/index.html]
[cdn11.bigcommerce.com/s-5jeysafj8q/stencil/d7a3b3a0-fb9a-0136-bca6-1b3c63b2f4dc/e/7d147310-fb9b-0136-a892-03abfbabe237/img/icon/select-arr.png]
[cdn11.bigcommerce.com/s-5jeysafj8q/stencil/d7a3b3a0-fb9a-0136-bca6-1b3c63b2f4dc/e/7d147310-fb9b-0136-a892-03abfbabe237/img/icon/select-arr-focus.png]
[cdn11.bigcommerce.com/s-5jeysafj8q/stencil/d7a3b3a0-fb9a-0136-bca6-1b3c63b2f4dc/e/7d147310-fb9b-0136-a892-03abfbabe237/img/sb_facebook_message/iconmetro.png]
[cdn11.bigcommerce.com/s-5jeysafj8q/stencil/d7a3b3a0-fb9a-0136-bca6-1b3c63b2f4dc/e/7d147310-fb9b-0136-a892-03abfbabe237/css/theme-e66d7b10-fb9a-0136-2016-0758c51394b6.css]
[sb-clickboom.mybigcommerce.com/collections/indexf1d4.html]
[cdn11.bigcommerce.com/s-5jeysafj8q/content/home2/banners/3.jpg]
[sb-clickboom.mybigcommerce.com/collections/index85eb.html]
[sb-clickboom.mybigcommerce.com/collections/indexe8e8.html]
[sb-clickboom.mybigcommerce.com/collections/index612c.html]
[cdn11.bigcommerce.com/s-5jeysafj8q/content/home1/banners/image-left.jpg]
[sb-clickboom.mybigcommerce.com/collections/indexc96c.html]
[sb-clickboom.mybigcommerce.com/collections/index930c.html]
[sb-clickboom.mybigcommerce.com/collections/index2200.html]
[cdn11.bigcommerce.com/s-5jeysafj8q/product_images/uploaded_images/bottom-1-30432.jpg]
[sb-clickboom.mybigcommerce.com/collections/indexc8fe.html]
[cdn11.bigcommerce.com/s-5jeysafj8q/images/stencil/original/q/icon-1__25533.original.jpg]
[cdn11.bigcommerce.com/s-5jeysafj8q/images/stencil/original/q/icon-5__47815.original.jpg]
[cdn11.bigcommerce.com/s-5jeysafj8q/images/stencil/original/d/icon-2__26943.original.jpg]
[cdn11.bigcommerce.com/s-5jeysafj8q/images/stencil/original/h/icon-4__44977.original.jpg]
[cdn11.bigcommerce.com/s-5jeysafj8q/images/stencil/400x400/products/93/397/10__85920.15427884574847.jpg]
[cdn11.bigcommerce.com/s-5jeysafj8q/images/stencil/400x400/products/93/398/16__18551.15427884584847.jpg]
[cdn11.bigcommerce.com/s-5jeysafj8q/images/stencil/400x400/products/93/399/21__42717.15427884584847.jpg]
[cdn11.bigcommerce.com/s-5jeysafj8q/images/stencil/400x400/products/86/400/17__64916.15427885054847.jpg]
[cdn11.bigcommerce.com/s-5jeysafj8q/images/stencil/400x400/products/86/401/18__46933.15427885054847.jpg]
[sb-clickboom.mybigcommerce.com/1-l-le-parfait-jar/index.html]
[cdn11.bigcommerce.com/s-5jeysafj8q/images/stencil/400x400/products/86/402/11__08674.15427885054847.jpg]
[cdn11.bigcommerce.com/s-5jeysafj8q/images/stencil/400x400/products/103/385/4__17897.15427882974847.jpg]
[cdn11.bigcommerce.com/s-5jeysafj8q/images/stencil/400x400/products/103/386/9__52557.15427882974847.jpg]
[cdn11.bigcommerce.com/s-5jeysafj8q/images/stencil/400x400/products/103/387/14__27146.15427882984847.jpg]
[cdn11.bigcommerce.com/s-5jeysafj8q/images/stencil/400x400/products/88/403/11__19589.15427885614847.jpg]
[cdn11.bigcommerce.com/s-5jeysafj8q/images/stencil/400x400/products/88/404/5__78377.15427885614847.jpg]
[cdn11.bigcommerce.com/s-5jeysafj8q/images/stencil/400x400/products/88/405/20__65543.15427885614847.jpg]
[cdn11.bigcommerce.com/s-5jeysafj8q/images/stencil/400x400/products/107/379/2__15559.15427881824847.jpg]
[cdn11.bigcommerce.com/s-5jeysafj8q/images/stencil/400x400/products/107/380/10__26318.15427881824847.jpg]
[cdn11.bigcommerce.com/s-5jeysafj8q/images/stencil/400x400/products/107/381/11__81291.15427881824847.jpg]
[cdn11.bigcommerce.com/s-5jeysafj8q/images/stencil/400x400/products/77/409/12__31373.15427887124847.jpg]
[cdn11.bigcommerce.com/s-5jeysafj8q/images/stencil/400x400/products/77/410/18__01292.15427887124847.jpg]
[cdn11.bigcommerce.com/s-5jeysafj8q/images/stencil/400x400/products/77/411/20__02499.15427887124847.jpg]
[cdn11.bigcommerce.com/s-5jeysafj8q/images/stencil/400x400/products/98/388/5__34411.15427883434847.jpg]
[cdn11.bigcommerce.com/s-5jeysafj8q/images/stencil/400x400/products/98/389/7__21277.15427883434847.jpg]
[cdn11.bigcommerce.com/s-5jeysafj8q/images/stencil/400x400/products/98/390/6__47274.15427883434847.jpg]
[cdn11.bigcommerce.com/s-5jeysafj8q/images/stencil/400x400/products/94/394/8__72073.15427884234847.jpg]
[cdn11.bigcommerce.com/s-5jeysafj8q/images/stencil/400x400/products/94/396/19__21169.15427884234847.jpg]
[cdn11.bigcommerce.com/s-5jeysafj8q/images/stencil/400x400/products/80/415/14__02275.15427888134847.jpg]
[cdn11.bigcommerce.com/s-5jeysafj8q/images/stencil/400x400/products/80/413/7__73525.15427888134847.jpg]
[cdn11.bigcommerce.com/s-5jeysafj8q/images/stencil/400x400/products/80/414/6__99140.15427888134847.jpg]
[cdn11.bigcommerce.com/s-5jeysafj8q/images/stencil/400x400/products/81/406/6__10134.15427886014847.jpg]
[cdn11.bigcommerce.com/s-5jeysafj8q/images/stencil/400x400/products/81/407/13__03791.15427886014847.jpg]
[cdn11.bigcommerce.com/s-5jeysafj8q/images/stencil/400x400/products/81/408/19__54822.15427886014847.jpg]
[cdn11.bigcommerce.com/s-5jeysafj8q/images/stencil/400x400/products/111/376/1__77013.15427881284847.jpg]
[cdn11.bigcommerce.com/s-5jeysafj8q/images/stencil/400x400/products/111/377/17__23111.15427881284847.jpg]
[cdn11.bigcommerce.com/s-5jeysafj8q/images/stencil/400x400/products/111/378/18__41371.15427881284847.jpg]
[cdn11.bigcommerce.com/s-5jeysafj8q/images/stencil/400x400/products/97/392/13__59342.15427883884847.jpg]
[cdn11.bigcommerce.com/s-5jeysafj8q/images/stencil/400x400/products/97/391/7__38407.15427883874847.jpg]
[cdn11.bigcommerce.com/s-5jeysafj8q/images/stencil/400x400/products/97/393/12__43636.15427883884847.jpg]
[sb-clickboom.mybigcommerce.com/collections/index1bb6.html]
[sb-clickboom.mybigcommerce.com/collections/index.html]
[sb-clickboom.mybigcommerce.com/smartphone/electronic/index85eb.html]
[sb-clickboom.mybigcommerce.com/smartphone/electronic/index612c.html]
[cdn11.bigcommerce.com/s-5jeysafj8q/images/stencil/1580x1580/q/icon-1__25533.original.jpg]
[cdn11.bigcommerce.com/s-5jeysafj8q/stencil/d7a3b3a0-fb9a-0136-bca6-1b3c63b2f4dc/e/7d147310-fb9b-0136-a892-03abfbabe237/img/ProductDefault.png]
[sb-clickboom.mybigcommerce.com/smartphone/electronic/index.html]
[sb-clickboom.mybigcommerce.com/smartphone/electronic/fans/index612c.html]
[sb-clickboom.mybigcommerce.com/smartphone/electronic/fans/index85eb.html]
[sb-clickboom.mybigcommerce.com/smartphone/electronic/fans/index.html]
[sb-clickboom.mybigcommerce.com/smartphone/electronic/headphone/index.html]
[sb-clickboom.mybigcommerce.com/giftcertificatesd962.html]
[sb-clickboom.mybigcommerce.com/smartphone/electronic/smartphone/index.html]
[sb-clickboom.mybigcommerce.com/smartphone/electronic/headphone/index612c.html]
[sb-clickboom.mybigcommerce.com/smartphone/electronic/headphone/index85eb.html]
[sb-clickboom.mybigcommerce.com/smartphone/electronic/smartphone/index85eb.html]
[sb-clickboom.mybigcommerce.com/smartphone/electronic/smartphone/index612c.html]
[sb-clickboom.mybigcommerce.com/smartphone/electronic/tv/index.html]
[sb-clickboom.mybigcommerce.com/smartphone/electronic/tv/index85eb.html]
[sb-clickboom.mybigcommerce.com/smartphone/electronic/tv/index612c.html]
[sb-clickboom.mybigcommerce.com/smartphone/game-box/index85eb.html]
[sb-clickboom.mybigcommerce.com/smartphone/game-box/index612c.html]
[cdn11.bigcommerce.com/s-5jeysafj8q/images/stencil/1580x1580/q/icon-5__47815.original.jpg]
[sb-clickboom.mybigcommerce.com/smartphone/game-box/index.html]
[sb-clickboom.mybigcommerce.com/smartphone/game-box/accessories/index.html]
[sb-clickboom.mybigcommerce.com/smartphone/game-box/microsoft/index.html]
[sb-clickboom.mybigcommerce.com/smartphone/game-box/accessories/index612c.html]
[sb-clickboom.mybigcommerce.com/smartphone/game-box/accessories/index85eb.html]
[sb-clickboom.mybigcommerce.com/smartphone/game-box/microsoft/index85eb.html]
[sb-clickboom.mybigcommerce.com/smartphone/game-box/nvidia/index.html]
[sb-clickboom.mybigcommerce.com/smartphone/game-box/microsoft/index612c.html]
[sb-clickboom.mybigcommerce.com/smartphone/game-box/sony/index.html]
[sb-clickboom.mybigcommerce.com/smartphone/game-box/nvidia/index612c.html]
[sb-clickboom.mybigcommerce.com/smartphone/game-box/nvidia/index85eb.html]
[sb-clickboom.mybigcommerce.com/smartphone/game-box/sony/index85eb.html]
[sb-clickboom.mybigcommerce.com/smartphone/game-box/sony/index612c.html]
[sb-clickboom.mybigcommerce.com/collections/headphone/index612c.html]
[sb-clickboom.mybigcommerce.com/collections/headphone/index85eb.html]
[cdn11.bigcommerce.com/s-5jeysafj8q/images/stencil/1580x1580/d/icon-2__26943.original.jpg]
[sb-clickboom.mybigcommerce.com/collections/headphone/index.html]
[sb-clickboom.mybigcommerce.com/smartphone/headphone/apple/index.html]
[sb-clickboom.mybigcommerce.com/smartphone/headphone/beats-audio/index.html]
[sb-clickboom.mybigcommerce.com/smartphone/headphone/apple/index85eb.html]
[sb-clickboom.mybigcommerce.com/smartphone/headphone/apple/index612c.html]
[sb-clickboom.mybigcommerce.com/smartphone/headphone/beats-audio/index85eb.html]
[sb-clickboom.mybigcommerce.com/smartphone/headphone/microlab/index.html]
[sb-clickboom.mybigcommerce.com/smartphone/headphone/beats-audio/index612c.html]
[sb-clickboom.mybigcommerce.com/smartphone/headphone/sony-walkman/index.html]
[sb-clickboom.mybigcommerce.com/smartphone/headphone/microlab/index85eb.html]
[sb-clickboom.mybigcommerce.com/smartphone/headphone/microlab/index612c.html]
[sb-clickboom.mybigcommerce.com/smartphone/headphone/sony-walkman/index85eb.html]
[sb-clickboom.mybigcommerce.com/smartphone/headphone/sony-walkman/index612c.html]
[sb-clickboom.mybigcommerce.com/smartphone/camera/index612c.html]
[sb-clickboom.mybigcommerce.com/smartphone/camera/index85eb.html]
[cdn11.bigcommerce.com/s-5jeysafj8q/images/stencil/1580x1580/h/icon-4__44977.original.png]
[sb-clickboom.mybigcommerce.com/smartphone/camera/index.html]
[sb-clickboom.mybigcommerce.com/smartphone/camera/accessories/index.html]
[sb-clickboom.mybigcommerce.com/smartphone/camera/accessories/index612c.html]
[sb-clickboom.mybigcommerce.com/smartphone/camera/cannon/index.html]
[sb-clickboom.mybigcommerce.com/smartphone/camera/accessories/index85eb.html]
[sb-clickboom.mybigcommerce.com/smartphone/camera/lg/index.html]
[sb-clickboom.mybigcommerce.com/smartphone/camera/cannon/index85eb.html]
[sb-clickboom.mybigcommerce.com/smartphone/camera/cannon/index612c.html]
[sb-clickboom.mybigcommerce.com/smartphone/camera/lg/index85eb.html]
[sb-clickboom.mybigcommerce.com/smartphone/camera/lg/index612c.html]
[sb-clickboom.mybigcommerce.com/smartphone/camera/nikon/index.html]
[sb-clickboom.mybigcommerce.com/computer-off/index.html]
[sb-clickboom.mybigcommerce.com/smartphone/camera/nikon/index85eb.html]
[sb-clickboom.mybigcommerce.com/smartphone/camera/nikon/index612c.html]
[sb-clickboom.mybigcommerce.com/computer-off/index85eb.html]
[sb-clickboom.mybigcommerce.com/computer-off/index612c.html]
[sb-clickboom.mybigcommerce.com/computer-office/computer-components/index.html]
[sb-clickboom.mybigcommerce.com/computer-office/computer-components/index612c.html]
[sb-clickboom.mybigcommerce.com/computer-office/computer-components/index85eb.html]
[sb-clickboom.mybigcommerce.com/computer-office/computer-components/3d-printers/index.html]
[sb-clickboom.mybigcommerce.com/computer-office/computer-components/3d-printers/index612c.html]
[sb-clickboom.mybigcommerce.com/computer-office/computer-components/3d-printers/index85eb.html]
[sb-clickboom.mybigcommerce.com/computer-office/computer-components/3d-scanners/index.html]
[sb-clickboom.mybigcommerce.com/computer-office/computer-components/printer-supplies/index.html]
[sb-clickboom.mybigcommerce.com/computer-office/computer-components/3d-scanners/index85eb.html]
[sb-clickboom.mybigcommerce.com/computer-office/computer-components/3d-scanners/index612c.html]
[sb-clickboom.mybigcommerce.com/computer-office/computer-components/printer-supplies/index612c.html]
[sb-clickboom.mybigcommerce.com/computer-office/computer-components/printer-supplies/index85eb.html]
[sb-clickboom.mybigcommerce.com/computer-office/computer-components/projectors/index.html]
[sb-clickboom.mybigcommerce.com/computer-office/office-electronics/index.html]
[sb-clickboom.mybigcommerce.com/computer-office/computer-components/projectors/index85eb.html]
[sb-clickboom.mybigcommerce.com/computer-office/computer-components/projectors/index612c.html]
[sb-clickboom.mybigcommerce.com/computer-office/office-electronics/index612c.html]
[sb-clickboom.mybigcommerce.com/computer-office/office-electronics/mouse-keyboards/index.html]
[sb-clickboom.mybigcommerce.com/computer-office/office-electronics/index85eb.html]
[sb-clickboom.mybigcommerce.com/computer-office/office-electronics/usb-gadgets/index.html]
[sb-clickboom.mybigcommerce.com/computer-office/office-electronics/mouse-keyboards/index85eb.html]
[sb-clickboom.mybigcommerce.com/computer-office/office-electronics/mouse-keyboards/index612c.html]
[sb-clickboom.mybigcommerce.com/computer-office/office-electronics/usb-gadgets/index85eb.html]
[sb-clickboom.mybigcommerce.com/computer-office/office-electronics/usb-hubs/index.html]
[sb-clickboom.mybigcommerce.com/computer-office/office-electronics/usb-gadgets/index612c.html]
[sb-clickboom.mybigcommerce.com/computer-office/office-electronics/webcams/index.html]
[sb-clickboom.mybigcommerce.com/computer-office/office-electronics/usb-hubs/index612c.html]
[sb-clickboom.mybigcommerce.com/computer-office/office-electronics/usb-hubs/index85eb.html]
[sb-clickboom.mybigcommerce.com/computer-office/office-electronics/webcams/index85eb.html]
[sb-clickboom.mybigcommerce.com/computer-office/office-electronics/webcams/index612c.html]
[sb-clickboom.mybigcommerce.com/shop/peripherals/index.html]
[sb-clickboom.mybigcommerce.com/computer-office/computer-peripherals/cpus/index.html]
[sb-clickboom.mybigcommerce.com/shop/peripherals/index612c.html]
[sb-clickboom.mybigcommerce.com/shop/peripherals/index85eb.html]
[sb-clickboom.mybigcommerce.com/computer-office/computer-peripherals/cpus/index612c.html]
[sb-clickboom.mybigcommerce.com/computer-office/computer-peripherals/cpus/index85eb.html]
[sb-clickboom.mybigcommerce.com/computer-office/computer-peripherals/graphics-cards/index.html]
[sb-clickboom.mybigcommerce.com/computer-office/computer-peripherals/motherboards/index.html]
[sb-clickboom.mybigcommerce.com/computer-office/computer-peripherals/graphics-cards/index612c.html]
[sb-clickboom.mybigcommerce.com/computer-office/computer-peripherals/graphics-cards/index85eb.html]
[sb-clickboom.mybigcommerce.com/computer-office/computer-peripherals/motherboards/index85eb.html]
[sb-clickboom.mybigcommerce.com/computer-office/computer-peripherals/motherboards/index612c.html]
[sb-clickboom.mybigcommerce.com/computer-office/computer-peripherals/rams/index.html]
[sb-clickboom.mybigcommerce.com/computer-office/tablets/index.html]
[sb-clickboom.mybigcommerce.com/computer-office/computer-peripherals/rams/index85eb.html]
[sb-clickboom.mybigcommerce.com/computer-office/computer-peripherals/rams/index612c.html]
[sb-clickboom.mybigcommerce.com/computer-office/tablets/index612c.html]
[sb-clickboom.mybigcommerce.com/computer-office/tablets/index85eb.html]
[sb-clickboom.mybigcommerce.com/computer-office/tablets/ipad/index.html]
[sb-clickboom.mybigcommerce.com/computer-office/tablets/android-tablets/index.html]
[sb-clickboom.mybigcommerce.com/computer-office/tablets/ipad/index85eb.html]
[sb-clickboom.mybigcommerce.com/computer-office/tablets/ipad/index612c.html]
[sb-clickboom.mybigcommerce.com/computer-office/tablets/android-tablets/index85eb.html]
[sb-clickboom.mybigcommerce.com/computer-office/tablets/android-tablets/index612c.html]
[sb-clickboom.mybigcommerce.com/home-garden/index.html]
[sb-clickboom.mybigcommerce.com/home-garden/arts-crafts-sewing/index.html]
[sb-clickboom.mybigcommerce.com/home-garden/index85eb.html]
[sb-clickboom.mybigcommerce.com/home-garden/index612c.html]
[sb-clickboom.mybigcommerce.com/home-garden/arts-crafts-sewing/index85eb.html]
[sb-clickboom.mybigcommerce.com/home-garden/arts-crafts-sewing/index612c.html]
[sb-clickboom.mybigcommerce.com/home-garden/arts-crafts-sewing/apparel-sewing-fabric/index.html]
[sb-clickboom.mybigcommerce.com/home-garden/arts-crafts-sewing/cross-stitch/index.html]
[sb-clickboom.mybigcommerce.com/home-garden/arts-crafts-sewing/apparel-sewing-fabric/index85eb.html]
[sb-clickboom.mybigcommerce.com/home-garden/arts-crafts-sewing/apparel-sewing-fabric/index612c.html]
[sb-clickboom.mybigcommerce.com/home-garden/arts-crafts-sewing/cross-stitch/index612c.html]
[sb-clickboom.mybigcommerce.com/home-garden/arts-crafts-sewing/cross-stitch/index85eb.html]
[sb-clickboom.mybigcommerce.com/home-garden/arts-crafts-sewing/fabric/index.html]
[sb-clickboom.mybigcommerce.com/home-garden/arts-crafts-sewing/fabric/index85eb.html]
[sb-clickboom.mybigcommerce.com/home-garden/arts-crafts-sewing/needle-arts-crafts/index.html]
[sb-clickboom.mybigcommerce.com/home-garden/arts-crafts-sewing/needle-arts-crafts/index85eb.html]
[sb-clickboom.mybigcommerce.com/home-garden/arts-crafts-sewing/needle-arts-crafts/index612c.html]
[sb-clickboom.mybigcommerce.com/home-garden/arts-crafts-sewing/fabric/index612c.html]
[sb-clickboom.mybigcommerce.com/home-garden/home-textile/index.html]
[sb-clickboom.mybigcommerce.com/home-garden/home-textile/bedding/index.html]
[sb-clickboom.mybigcommerce.com/home-garden/home-textile/index85eb.html]
[sb-clickboom.mybigcommerce.com/home-garden/home-textile/bedding/index612c.html]
[sb-clickboom.mybigcommerce.com/home-garden/home-textile/index612c.html]
[sb-clickboom.mybigcommerce.com/home-garden/home-textile/bedding/index85eb.html]
[sb-clickboom.mybigcommerce.com/home-garden/home-textile/curtains/index.html]
[sb-clickboom.mybigcommerce.com/home-garden/home-textile/pillows/index.html]
[sb-clickboom.mybigcommerce.com/home-garden/home-textile/curtains/index85eb.html]
[sb-clickboom.mybigcommerce.com/home-garden/home-textile/curtains/index612c.html]
[sb-clickboom.mybigcommerce.com/home-garden/home-textile/pillows/index85eb.html]
[sb-clickboom.mybigcommerce.com/home-garden/home-textile/pillows/index612c.html]
[sb-clickboom.mybigcommerce.com/home-garden/home-textile/towelstowels/index.html]
[sb-clickboom.mybigcommerce.com/home-garden/home-textile/towelstowels/index85eb.html]
[sb-clickboom.mybigcommerce.com/home-garden/kitchen-dining-bar/index.html]
[sb-clickboom.mybigcommerce.com/home-garden/home-textile/towelstowels/index612c.html]
[sb-clickboom.mybigcommerce.com/home-garden/kitchen-dining-bar/index85eb.html]
[sb-clickboom.mybigcommerce.com/home-garden/kitchen-dining-bar/index612c.html]
[sb-clickboom.mybigcommerce.com/home-garden/kitchen-dining-bar/barware/index.html]
[sb-clickboom.mybigcommerce.com/home-garden/kitchen-dining-bar/coffeeware/index.html]
[sb-clickboom.mybigcommerce.com/home-garden/kitchen-dining-bar/barware/index85eb.html]
[sb-clickboom.mybigcommerce.com/home-garden/kitchen-dining-bar/barware/index612c.html]
[sb-clickboom.mybigcommerce.com/home-garden/kitchen-dining-bar/coffeeware/index85eb.html]
[sb-clickboom.mybigcommerce.com/home-garden/kitchen-dining-bar/coffeeware/index612c.html]
[sb-clickboom.mybigcommerce.com/home-garden/kitchen-dining-bar/dinnerware/index.html]
[sb-clickboom.mybigcommerce.com/home-garden/kitchen-dining-bar/dinnerware/index85eb.html]
[sb-clickboom.mybigcommerce.com/home-garden/kitchen-dining-bar/teaware/index.html]
[sb-clickboom.mybigcommerce.com/home-garden/kitchen-dining-bar/dinnerware/index612c.html]
[sb-clickboom.mybigcommerce.com/home-garden/kitchen-dining-bar/teaware/index85eb.html]
[sb-clickboom.mybigcommerce.com/home-garden/kitchen-dining-bar/teaware/index612c.html]
[sb-clickboom.mybigcommerce.com/home-decor/index.html]
[sb-clickboom.mybigcommerce.com/home-decor/index85eb.html]
[sb-clickboom.mybigcommerce.com/home-decor/index612c.html]
[sb-clickboom.mybigcommerce.com/home-decor/clocks/index.html]
[sb-clickboom.mybigcommerce.com/home-decor/clocks/index612c.html]
[sb-clickboom.mybigcommerce.com/home-decor/clocks/index85eb.html]
[sb-clickboom.mybigcommerce.com/home-decor/ornaments/index.html]
[sb-clickboom.mybigcommerce.com/home-decor/photo-albums/index85eb.html]
[sb-clickboom.mybigcommerce.com/home-decor/ornaments/index612c.html]
[sb-clickboom.mybigcommerce.com/home-decor/ornaments/index85eb.html]
[sb-clickboom.mybigcommerce.com/home-decor/photo-albums/index.html]
[sb-clickboom.mybigcommerce.com/home-decor/wall-stickers/index.html]
[sb-clickboom.mybigcommerce.com/home-decor/photo-albums/index612c.html]
[sb-clickboom.mybigcommerce.com/computer-office/tablets/phone-call-tablets/index.html]
[sb-clickboom.mybigcommerce.com/home-decor/wall-stickers/index612c.html]
[sb-clickboom.mybigcommerce.com/home-decor/wall-stickers/index85eb.html]
[sb-clickboom.mybigcommerce.com/computer-office/tablets/phone-call-tablets/index612c.html]
[sb-clickboom.mybigcommerce.com/computer-office/tablets/phone-call-tablets/index85eb.html]
[sb-clickboom.mybigcommerce.com/gifts-sport-toys/index.html]
[sb-clickboom.mybigcommerce.com/health-beauty/index.html]
[sb-clickboom.mybigcommerce.com/gifts-sport-toys/index612c.html]
[sb-clickboom.mybigcommerce.com/gifts-sport-toys/index85eb.html]
[sb-clickboom.mybigcommerce.com/health-beauty/index85eb.html]
[sb-clickboom.mybigcommerce.com/tv/index.html]
[sb-clickboom.mybigcommerce.com/tv/index85eb.html]
[sb-clickboom.mybigcommerce.com/tv/index612c.html]
[sb-clickboom.mybigcommerce.com/laptop/index.html]
[sb-clickboom.mybigcommerce.com/laptop/index85eb.html]
[sb-clickboom.mybigcommerce.com/laptop/index612c.html]
[sb-clickboom.mybigcommerce.com/laptop/indexe8e8.html]
[sb-clickboom.mybigcommerce.com/health-beauty/index612c.html]
[sb-clickboom.mybigcommerce.com/accessories/index.html]
[sb-clickboom.mybigcommerce.com/laptop/index930c.html]
[sb-clickboom.mybigcommerce.com/laptop/indexc96c.html]
[sb-clickboom.mybigcommerce.com/laptop/index2200.html]
[sb-clickboom.mybigcommerce.com/laptop/indexc8fe.html]
[sb-clickboom.mybigcommerce.com/accessories/index85eb.html]
[cdn11.bigcommerce.com/s-5jeysafj8q/images/stencil/400x400/products/104/382/3__78541.15427882364847.jpg]
[sb-clickboom.mybigcommerce.com/organic/index85eb.html]
[sb-clickboom.mybigcommerce.com/accessories/index612c.html]
[sb-clickboom.mybigcommerce.com/organic/index612c.html]
[sb-clickboom.mybigcommerce.com/organic/indexc877.html]
[cdn11.bigcommerce.com/s-5jeysafj8q/images/stencil/400x400/products/104/384/20__70760.15427882374847.jpg]
[sb-clickboom.mybigcommerce.com/organic/index6e8d.html]
[sb-clickboom.mybigcommerce.com/organic/index4607.html]
[sb-clickboom.mybigcommerce.com/organic/indexe1d3.html]
[cdn11.bigcommerce.com/s-5jeysafj8q/images/stencil/400x400/products/104/412/15__39845.15427887784847.jpg]
[sb-clickboom.mybigcommerce.com/organic/index.html]
[sb-clickboom.mybigcommerce.com/digital-electric/index.html]
[sb-clickboom.mybigcommerce.com/organic/indexb23a.html]
[sb-clickboom.mybigcommerce.com/digital-electric/index612c.html]
[sb-clickboom.mybigcommerce.com/digital-electric/index85eb.html]
[sb-clickboom.mybigcommerce.com/cart85eb.html]
[sb-clickboom.mybigcommerce.com/cart.html]
[sb-clickboom.mybigcommerce.com/cart612c.html]
[sb-clickboom.mybigcommerce.com/login85eb.html]
[sb-clickboom.mybigcommerce.com/login.html]
[sb-clickboom.mybigcommerce.com/login612c.html]
[cdnjs.cloudflare.com/ajax/libs/magnific-popup.js/1.1.0/magnific-popup.min.css]
[code.jquery.com/jquery-3.1.1.min.js]
[cdnjs.cloudflare.com/ajax/libs/magnific-popup.js/1.1.0/jquery.magnific-popup.min.js]
[cdn11.bigcommerce.com/s-5jeysafj8q/product_images/uploaded_images/brand1.jpg]
[sb-clickboom.mybigcommerce.com/brand/index85eb.html]
[sb-clickboom.mybigcommerce.com/brand/index612c.html]
[cdn11.bigcommerce.com/s-5jeysafj8q/product_images/uploaded_images/brand2.jpg]
[cdn11.bigcommerce.com/s-5jeysafj8q/product_images/uploaded_images/brand3.jpg]
[cdn11.bigcommerce.com/s-5jeysafj8q/product_images/uploaded_images/brand4.jpg]
[cdn11.bigcommerce.com/s-5jeysafj8q/product_images/uploaded_images/brand5.jpg]
[cdn11.bigcommerce.com/s-5jeysafj8q/product_images/uploaded_images/brand6.jpg]
[cdn11.bigcommerce.com/s-5jeysafj8q/product_images/uploaded_images/brand7.jpg]
[cdn11.bigcommerce.com/s-5jeysafj8q/product_images/uploaded_images/brand8.jpg]
[sb-clickboom.mybigcommerce.com/brand/index.html]
[sb-clickboom.mybigcommerce.com/blog/index612c.html]
[sb-clickboom.mybigcommerce.com/blog/index85eb.html]
[sb-clickboom.mybigcommerce.com/blog/tag/technology.html]
[sb-clickboom.mybigcommerce.com/blog/fusce-sagittis-massa-id/index.html]
[sb-clickboom.mybigcommerce.com/blog/tag/new.html]
[sb-clickboom.mybigcommerce.com/blog/index.html]
[sb-clickboom.mybigcommerce.com/pages/index.html]
[sb-clickboom.mybigcommerce.com/blog/tag/laptop.html]
[sb-clickboom.mybigcommerce.com/contact-us/index.html]
[sb-clickboom.mybigcommerce.com/pages/index612c.html]
[sb-clickboom.mybigcommerce.com/contact-us/index85eb.html]
[sb-clickboom.mybigcommerce.com/pages/index85eb.html]
[sb-clickboom.mybigcommerce.com/contact-us/index612c.html]
[sb-clickboom.mybigcommerce.com/about-us/index85eb.html]
[sb-clickboom.mybigcommerce.com/about-us/index612c.html]
[cdn11.bigcommerce.com/s-5jeysafj8q/product_images/uploaded_images/img-about.jpg]
[sb-clickboom.mybigcommerce.com/contact-us.html]
[cdn11.bigcommerce.com/s-5jeysafj8q/product_images/uploaded_images/ourteam1.jpg]
[cdn11.bigcommerce.com/s-5jeysafj8q/product_images/uploaded_images/ourteam2.jpg]
[cdn11.bigcommerce.com/s-5jeysafj8q/product_images/uploaded_images/ourteam3.jpg]
[cdn11.bigcommerce.com/s-5jeysafj8q/product_images/uploaded_images/ourteam4.jpg]
[sb-clickboom.mybigcommerce.com/about-us/index.html]
[sb-clickboom.mybigcommerce.com/faqs/index.html]
[sb-clickboom.mybigcommerce.com/faqs/index85eb.html]
[sb-clickboom.mybigcommerce.com/faqs/index612c.html]
[sb-clickboom.mybigcommerce.com/services/index85eb.html]
[sb-clickboom.mybigcommerce.com/services/index.html]
[sb-clickboom.mybigcommerce.com/support-24-7/index.html]
[sb-clickboom.mybigcommerce.com/services/index612c.html]
[sb-clickboom.mybigcommerce.com/support-24-7/index612c.html]
[sb-clickboom.mybigcommerce.com/photo-gallery/index85eb.html]
[sb-clickboom.mybigcommerce.com/support-24-7/index85eb.html]
[store-3zqjz60dg3.mybigcommerce.com/product_images/uploaded_images/1.jpg]
[sb-clickboom.mybigcommerce.com/photo-gallery/index612c.html]
[store-3zqjz60dg3.mybigcommerce.com/product_images/uploaded_images/2.jpg]
[store-3zqjz60dg3.mybigcommerce.com/product_images/uploaded_images/3.jpg]
[store-3zqjz60dg3.mybigcommerce.com/product_images/uploaded_images/4.jpg]
[store-3zqjz60dg3.mybigcommerce.com/product_images/uploaded_images/5.jpg]
[store-3zqjz60dg3.mybigcommerce.com/product_images/uploaded_images/6.jpg]
[store-3zqjz60dg3.mybigcommerce.com/product_images/uploaded_images/7.jpg]
[store-3zqjz60dg3.mybigcommerce.com/product_images/uploaded_images/8.jpg]
[store-3zqjz60dg3.mybigcommerce.com/product_images/uploaded_images/9.jpg]
[store-3zqjz60dg3.mybigcommerce.com/product_images/uploaded_images/10.jpg]
[sb-clickboom.mybigcommerce.com/photo-gallery/index.html]
[sb-clickboom.mybigcommerce.com/shipping-returns/index.html]
[sb-clickboom.mybigcommerce.com/index85eb.html]
[sb-clickboom.mybigcommerce.com/index612c.html]
[sb-clickboom.mybigcommerce.com/shipping-returns/index85eb.html]
[sb-clickboom.mybigcommerce.com/shipping-returns/index612c.html]
[sb-clickboom.mybigcommerce.com/compare85eb.html]
[sb-clickboom.mybigcommerce.com/compare.html]
[sb-clickboom.mybigcommerce.com/compare612c.html]
[sb-clickboom.mybigcommerce.com/login68a9.html]
[sb-clickboom.mybigcommerce.com/login830b.html]
[sb-clickboom.mybigcommerce.com/login87dc.html]
[sb-clickboom.mybigcommerce.com/login8a80.html]
[sb-clickboom.mybigcommerce.com/logind85d.html]
[sb-clickboom.mybigcommerce.com/smartphone/index.html]
[sb-clickboom.mybigcommerce.com/login37ba.html]
[cdn11.bigcommerce.com/s-5jeysafj8q/products/86/images/400/17__64916.1542788505.386.5134847.jpg]
[sb-clickboom.mybigcommerce.com/able-brewing-system-care/index85eb.html]
[cdn11.bigcommerce.com/s-5jeysafj8q/images/stencil/1580x1580/products/86/400/17__64916.1542788505a885.jpg]
[sb-clickboom.mybigcommerce.com/able-brewing-system-care/index612c.html]
[cdn11.bigcommerce.com/s-5jeysafj8q/images/stencil/500x500/products/86/400/17__64916.1542788505a885.jpg]
[cdn11.bigcommerce.com/s-5jeysafj8q/images/stencil/500x500/products/86/400/17__64916.15427885054847.jpg]
[cdn11.bigcommerce.com/s-5jeysafj8q/images/stencil/1580x1580/products/86/400/17__64916.15427885054847.jpg]
[cdn11.bigcommerce.com/s-5jeysafj8q/images/stencil/500x500/products/86/401/18__46933.15427885054847.jpg]
[cdn11.bigcommerce.com/s-5jeysafj8q/images/stencil/1580x1580/products/86/401/18__46933.15427885054847.jpg]
[cdn11.bigcommerce.com/s-5jeysafj8q/images/stencil/500x500/products/86/402/11__08674.15427885054847.jpg]
[cdn11.bigcommerce.com/s-5jeysafj8q/images/stencil/1580x1580/products/86/402/11__08674.15427885054847.jpg]
[sb-clickboom.mybigcommerce.com/able-brewing-system-care/index.html]
[sb-clickboom.mybigcommerce.com/login155f.html]
[sb-clickboom.mybigcommerce.com/cart77e8.html]
[sb-clickboom.mybigcommerce.com/cart71c0.html]
[sb-clickboom.mybigcommerce.com/cart7953.html]
[cdn11.bigcommerce.com/s-5jeysafj8q/products/97/images/392/13__59342.1542788388.386.5134847.jpg]
[sb-clickboom.mybigcommerce.com/tiered-wire-basket-detergent/index85eb.html]
[sb-clickboom.mybigcommerce.com/tiered-wire-basket-detergent/index612c.html]
[cdn11.bigcommerce.com/s-5jeysafj8q/images/stencil/1580x1580/products/97/392/13__59342.1542788388a885.jpg]
[cdn11.bigcommerce.com/s-5jeysafj8q/images/stencil/500x500/products/97/392/13__59342.1542788388a885.jpg]
[cdn11.bigcommerce.com/s-5jeysafj8q/images/stencil/500x500/products/97/392/13__59342.15427883884847.jpg]
[s7.addthis.com/js/300/addthis_widget.js]
[cdn11.bigcommerce.com/s-5jeysafj8q/images/stencil/1580x1580/products/97/392/13__59342.15427883884847.jpg]
[cdn11.bigcommerce.com/s-5jeysafj8q/images/stencil/500x500/products/97/391/7__38407.15427883874847.jpg]
[cdn11.bigcommerce.com/s-5jeysafj8q/images/stencil/1580x1580/products/97/391/7__38407.15427883874847.jpg]
[cdn11.bigcommerce.com/s-5jeysafj8q/images/stencil/500x500/products/97/393/12__43636.15427883884847.jpg]
[cdn11.bigcommerce.com/s-5jeysafj8q/images/stencil/1580x1580/products/97/393/12__43636.15427883884847.jpg]
[sb-clickboom.mybigcommerce.com/tiered-wire-basket-detergent/index.html]
[sb-clickboom.mybigcommerce.com/logina347.html]
[sb-clickboom.mybigcommerce.com/cart2a10.html]
[sb-clickboom.mybigcommerce.com/cart4a6a.html]
[sb-clickboom.mybigcommerce.com/cart6478.html]
[cdn11.bigcommerce.com/s-5jeysafj8q/products/103/images/385/4__17897.1542788297.386.5134847.jpg]
[cdn11.bigcommerce.com/s-5jeysafj8q/images/stencil/1580x1580/products/103/385/4__17897.1542788297a885.jpg]
[sb-clickboom.mybigcommerce.com/canvas-laundry-cart-small/index85eb.html]
[sb-clickboom.mybigcommerce.com/canvas-laundry-cart-small/index612c.html]
[cdn11.bigcommerce.com/s-5jeysafj8q/images/stencil/500x500/products/103/385/4__17897.1542788297a885.jpg]
[cdn11.bigcommerce.com/s-5jeysafj8q/images/stencil/500x500/products/103/385/4__17897.15427882974847.jpg]
[cdn11.bigcommerce.com/s-5jeysafj8q/images/stencil/1580x1580/products/103/385/4__17897.15427882974847.jpg]
[cdn11.bigcommerce.com/s-5jeysafj8q/images/stencil/500x500/products/103/386/9__52557.15427882974847.jpg]
[cdn11.bigcommerce.com/s-5jeysafj8q/images/stencil/1580x1580/products/103/386/9__52557.15427882974847.jpg]
[cdn11.bigcommerce.com/s-5jeysafj8q/images/stencil/500x500/products/103/387/14__27146.15427882984847.jpg]
[cdn11.bigcommerce.com/s-5jeysafj8q/images/stencil/1580x1580/products/103/387/14__27146.15427882984847.jpg]
[sb-clickboom.mybigcommerce.com/canvas-laundry-cart-small/index.html]
[sb-clickboom.mybigcommerce.com/login85fa.html]
[sb-clickboom.mybigcommerce.com/cart5eda.html]
[sb-clickboom.mybigcommerce.com/cart79f9.html]
[sb-clickboom.mybigcommerce.com/cartdcc5.html]
[cdn11.bigcommerce.com/s-5jeysafj8q/products/88/images/403/11__19589.1542788561.386.5134847.jpg]
[cdn11.bigcommerce.com/s-5jeysafj8q/images/stencil/1580x1580/products/88/403/11__19589.1542788561a885.jpg]
[sb-clickboom.mybigcommerce.com/chemex-coffeemaker-3-cup/index85eb.html]
[sb-clickboom.mybigcommerce.com/chemex-coffeemaker-3-cup/index612c.html]
[cdn11.bigcommerce.com/s-5jeysafj8q/images/stencil/500x500/products/88/403/11__19589.1542788561a885.jpg]
[cdn11.bigcommerce.com/s-5jeysafj8q/images/stencil/500x500/products/88/403/11__19589.15427885614847.jpg]
[cdn11.bigcommerce.com/s-5jeysafj8q/images/stencil/1580x1580/products/88/403/11__19589.15427885614847.jpg]
[cdn11.bigcommerce.com/s-5jeysafj8q/images/stencil/500x500/products/88/404/5__78377.15427885614847.jpg]
[cdn11.bigcommerce.com/s-5jeysafj8q/images/stencil/1580x1580/products/88/404/5__78377.15427885614847.jpg]
[cdn11.bigcommerce.com/s-5jeysafj8q/images/stencil/500x500/products/88/405/20__65543.15427885614847.jpg]
[cdn11.bigcommerce.com/s-5jeysafj8q/images/stencil/1580x1580/products/88/405/20__65543.15427885614847.jpg]
[sb-clickboom.mybigcommerce.com/chemex-coffeemaker-3-cup/index.html]
[sb-clickboom.mybigcommerce.com/login00ba.html]
[sb-clickboom.mybigcommerce.com/cart965d.html]
[sb-clickboom.mybigcommerce.com/cart2363.html]
[sb-clickboom.mybigcommerce.com/cart8c7c.html]
[cdn11.bigcommerce.com/s-5jeysafj8q/products/77/images/409/12__31373.1542788712.386.5134847.jpg]
[cdn11.bigcommerce.com/s-5jeysafj8q/images/stencil/1580x1580/products/77/409/12__31373.1542788712a885.jpg]
[sb-clickboom.mybigcommerce.com/fog-linen-chambray-towel-beige-stripe/index612c.html]
[sb-clickboom.mybigcommerce.com/fog-linen-chambray-towel-beige-stripe/index85eb.html]
[cdn11.bigcommerce.com/s-5jeysafj8q/images/stencil/500x500/products/77/409/12__31373.1542788712a885.jpg]
[cdn11.bigcommerce.com/s-5jeysafj8q/images/stencil/500x500/products/77/409/12__31373.15427887124847.jpg]
[cdn11.bigcommerce.com/s-5jeysafj8q/images/stencil/1580x1580/products/77/409/12__31373.15427887124847.jpg]
[cdn11.bigcommerce.com/s-5jeysafj8q/images/stencil/500x500/products/77/410/18__01292.15427887124847.jpg]
[cdn11.bigcommerce.com/s-5jeysafj8q/images/stencil/1580x1580/products/77/410/18__01292.15427887124847.jpg]
[cdn11.bigcommerce.com/s-5jeysafj8q/images/stencil/500x500/products/77/411/20__02499.15427887124847.jpg]
[cdn11.bigcommerce.com/s-5jeysafj8q/images/stencil/1580x1580/products/77/411/20__02499.15427887124847.jpg]
[sb-clickboom.mybigcommerce.com/fog-linen-chambray-towel-beige-stripe/index.html]
[sb-clickboom.mybigcommerce.com/login08bc.html]
[cdn11.bigcommerce.com/s-5jeysafj8q/products/80/images/415/14__02275.1542788813.386.5134847.jpg]
[cdn11.bigcommerce.com/s-5jeysafj8q/images/stencil/1580x1580/products/80/415/14__02275.1542788813a885.jpg]
[sb-clickboom.mybigcommerce.com/orbit-terrarium-large/index85eb.html]
[cdn11.bigcommerce.com/s-5jeysafj8q/images/stencil/500x500/products/80/415/14__02275.1542788813a885.jpg]
[sb-clickboom.mybigcommerce.com/orbit-terrarium-large/index612c.html]
[cdn11.bigcommerce.com/s-5jeysafj8q/images/stencil/500x500/products/80/415/14__02275.15427888134847.jpg]
[cdn11.bigcommerce.com/s-5jeysafj8q/images/stencil/1580x1580/products/80/415/14__02275.15427888134847.jpg]
[cdn11.bigcommerce.com/s-5jeysafj8q/images/stencil/500x500/products/80/413/7__73525.15427888134847.jpg]
[cdn11.bigcommerce.com/s-5jeysafj8q/images/stencil/1580x1580/products/80/413/7__73525.15427888134847.jpg]
[cdn11.bigcommerce.com/s-5jeysafj8q/images/stencil/500x500/products/80/414/6__99140.15427888134847.jpg]
[cdn11.bigcommerce.com/s-5jeysafj8q/images/stencil/1580x1580/products/80/414/6__99140.15427888134847.jpg]
[sb-clickboom.mybigcommerce.com/orbit-terrarium-large/index.html]
[sb-clickboom.mybigcommerce.com/login8f3f.html]
[sb-clickboom.mybigcommerce.com/cartf96c.html]
[sb-clickboom.mybigcommerce.com/cartcb8b.html]
[sb-clickboom.mybigcommerce.com/cart964e.html]
[cdn11.bigcommerce.com/s-5jeysafj8q/products/94/images/394/8__72073.1542788423.386.5134847.jpg]
[cdn11.bigcommerce.com/s-5jeysafj8q/images/stencil/1580x1580/products/94/394/8__72073.1542788423a885.jpg]
[sb-clickboom.mybigcommerce.com/oak-cheese-grater/index85eb.html]
[sb-clickboom.mybigcommerce.com/oak-cheese-grater/index612c.html]
[cdn11.bigcommerce.com/s-5jeysafj8q/images/stencil/500x500/products/94/394/8__72073.1542788423a885.jpg]
[cdn11.bigcommerce.com/s-5jeysafj8q/images/stencil/500x500/products/94/394/8__72073.15427884234847.jpg]
[cdn11.bigcommerce.com/s-5jeysafj8q/images/stencil/1580x1580/products/94/394/8__72073.15427884234847.jpg]
[cdn11.bigcommerce.com/s-5jeysafj8q/images/stencil/500x500/products/94/396/19__21169.15427884234847.jpg]
[cdn11.bigcommerce.com/s-5jeysafj8q/images/stencil/1580x1580/products/94/396/19__21169.15427884234847.jpg]
[sb-clickboom.mybigcommerce.com/oak-cheese-grater/index.html]
[sb-clickboom.mybigcommerce.com/login2a56.html]
[sb-clickboom.mybigcommerce.com/cartdc99.html]
[sb-clickboom.mybigcommerce.com/cart1e24.html]
[sb-clickboom.mybigcommerce.com/cartfa27.html]
[cdn11.bigcommerce.com/s-5jeysafj8q/products/81/images/406/6__10134.1542788601.386.5134847.jpg]
[sb-clickboom.mybigcommerce.com/orbit-terrarium-small/index85eb.html]
[sb-clickboom.mybigcommerce.com/orbit-terrarium-small/index612c.html]
[cdn11.bigcommerce.com/s-5jeysafj8q/images/stencil/1580x1580/products/81/406/6__10134.1542788601a885.jpg]
[cdn11.bigcommerce.com/s-5jeysafj8q/images/stencil/500x500/products/81/406/6__10134.1542788601a885.jpg]
[cdn11.bigcommerce.com/s-5jeysafj8q/images/stencil/500x500/products/81/406/6__10134.15427886014847.jpg]
[cdn11.bigcommerce.com/s-5jeysafj8q/images/stencil/1580x1580/products/81/406/6__10134.15427886014847.jpg]
[cdn11.bigcommerce.com/s-5jeysafj8q/images/stencil/500x500/products/81/407/13__03791.15427886014847.jpg]
[cdn11.bigcommerce.com/s-5jeysafj8q/images/stencil/1580x1580/products/81/407/13__03791.15427886014847.jpg]
[cdn11.bigcommerce.com/s-5jeysafj8q/images/stencil/500x500/products/81/408/19__54822.15427886014847.jpg]
[cdn11.bigcommerce.com/s-5jeysafj8q/images/stencil/1580x1580/products/81/408/19__54822.15427886014847.jpg]
[sb-clickboom.mybigcommerce.com/orbit-terrarium-small/index.html]
[sb-clickboom.mybigcommerce.com/loginefd4.html]
[sb-clickboom.mybigcommerce.com/cartce99.html]
[sb-clickboom.mybigcommerce.com/cartf600.html]
[sb-clickboom.mybigcommerce.com/cartfcf3.html]
[cdn11.bigcommerce.com/s-5jeysafj8q/products/98/images/388/5__34411.1542788343.386.5134847.jpg]
[cdn11.bigcommerce.com/s-5jeysafj8q/images/stencil/1580x1580/products/98/388/5__34411.1542788343a885.jpg]
[sb-clickboom.mybigcommerce.com/laundry-detergent/index85eb.html]
[sb-clickboom.mybigcommerce.com/laundry-detergent/index612c.html]
[cdn11.bigcommerce.com/s-5jeysafj8q/images/stencil/500x500/products/98/388/5__34411.1542788343a885.jpg]
[cdn11.bigcommerce.com/s-5jeysafj8q/images/stencil/500x500/products/98/388/5__34411.15427883434847.jpg]
[cdn11.bigcommerce.com/s-5jeysafj8q/images/stencil/1580x1580/products/98/388/5__34411.15427883434847.jpg]
[cdn11.bigcommerce.com/s-5jeysafj8q/images/stencil/500x500/products/98/389/7__21277.15427883434847.jpg]
[cdn11.bigcommerce.com/s-5jeysafj8q/images/stencil/1580x1580/products/98/389/7__21277.15427883434847.jpg]
[cdn11.bigcommerce.com/s-5jeysafj8q/images/stencil/500x500/products/98/390/6__47274.15427883434847.jpg]
[cdn11.bigcommerce.com/s-5jeysafj8q/images/stencil/1580x1580/products/98/390/6__47274.15427883434847.jpg]
[sb-clickboom.mybigcommerce.com/laundry-detergent/index.html]
[sb-clickboom.mybigcommerce.com/login8bbe.html]
[sb-clickboom.mybigcommerce.com/carteecf.html]
[sb-clickboom.mybigcommerce.com/cart1b72.html]
[sb-clickboom.mybigcommerce.com/cart72ac.html]
[cdn11.bigcommerce.com/s-5jeysafj8q/products/111/images/376/1__77013.1542788128.386.5134847.jpg]
[cdn11.bigcommerce.com/s-5jeysafj8q/images/stencil/1580x1580/products/111/376/1__77013.1542788128a885.jpg]
[sb-clickboom.mybigcommerce.com/smith-journal-13/index85eb.html]
[sb-clickboom.mybigcommerce.com/smith-journal-13/index612c.html]
[cdn11.bigcommerce.com/s-5jeysafj8q/images/stencil/500x500/products/111/376/1__77013.1542788128a885.jpg]
[cdn11.bigcommerce.com/s-5jeysafj8q/images/stencil/500x500/products/111/376/1__77013.15427881284847.jpg]
[cdn11.bigcommerce.com/s-5jeysafj8q/images/stencil/1580x1580/products/111/376/1__77013.15427881284847.jpg]
[cdn11.bigcommerce.com/s-5jeysafj8q/images/stencil/500x500/products/111/377/17__23111.15427881284847.jpg]
[cdn11.bigcommerce.com/s-5jeysafj8q/images/stencil/1580x1580/products/111/377/17__23111.15427881284847.jpg]
[cdn11.bigcommerce.com/s-5jeysafj8q/images/stencil/500x500/products/111/378/18__41371.15427881284847.jpg]
[cdn11.bigcommerce.com/s-5jeysafj8q/images/stencil/1580x1580/products/111/378/18__41371.15427881284847.jpg]
[sb-clickboom.mybigcommerce.com/smith-journal-13/index.html]
[sb-clickboom.mybigcommerce.com/loginf185.html]
[sb-clickboom.mybigcommerce.com/carta3da.html]
[sb-clickboom.mybigcommerce.com/cart6787.html]
[sb-clickboom.mybigcommerce.com/cart715a.html]
[cdn11.bigcommerce.com/s-5jeysafj8q/products/104/images/412/15__39845.1542788778.386.5134847.jpg]
[cdn11.bigcommerce.com/s-5jeysafj8q/images/stencil/1580x1580/products/104/412/15__39845.1542788778a885.jpg]
[sb-clickboom.mybigcommerce.com/utility-caddy/index85eb.html]
[sb-clickboom.mybigcommerce.com/utility-caddy/index612c.html]
[cdn11.bigcommerce.com/s-5jeysafj8q/images/stencil/500x500/products/104/412/15__39845.1542788778a885.jpg]
[cdn11.bigcommerce.com/s-5jeysafj8q/images/stencil/500x500/products/104/382/3__78541.15427882364847.jpg]
[cdn11.bigcommerce.com/s-5jeysafj8q/images/stencil/1580x1580/products/104/382/3__78541.15427882364847.jpg]
[cdn11.bigcommerce.com/s-5jeysafj8q/images/stencil/500x500/products/104/384/20__70760.15427882374847.jpg]
[cdn11.bigcommerce.com/s-5jeysafj8q/images/stencil/1580x1580/products/104/384/20__70760.15427882374847.jpg]
[cdn11.bigcommerce.com/s-5jeysafj8q/images/stencil/500x500/products/104/412/15__39845.15427887784847.jpg]
[cdn11.bigcommerce.com/s-5jeysafj8q/images/stencil/1580x1580/products/104/412/15__39845.15427887784847.jpg]
[sb-clickboom.mybigcommerce.com/utility-caddy/index.html]
[sb-clickboom.mybigcommerce.com/login412d.html]
[sb-clickboom.mybigcommerce.com/cart8428.html]
[sb-clickboom.mybigcommerce.com/cart9d4a.html]
[sb-clickboom.mybigcommerce.com/cart4418.html]
[cdn11.bigcommerce.com/s-5jeysafj8q/products/107/images/379/2__15559.1542788182.386.5134847.jpg]
[cdn11.bigcommerce.com/s-5jeysafj8q/images/stencil/1580x1580/products/107/379/2__15559.1542788182a885.jpg]
[sb-clickboom.mybigcommerce.com/dustpan-brush/index85eb.html]
[sb-clickboom.mybigcommerce.com/dustpan-brush/index612c.html]
[cdn11.bigcommerce.com/s-5jeysafj8q/images/stencil/500x500/products/107/379/2__15559.1542788182a885.jpg]
[cdn11.bigcommerce.com/s-5jeysafj8q/images/stencil/500x500/products/107/379/2__15559.15427881824847.jpg]
[cdn11.bigcommerce.com/s-5jeysafj8q/images/stencil/1580x1580/products/107/379/2__15559.15427881824847.jpg]
[cdn11.bigcommerce.com/s-5jeysafj8q/images/stencil/500x500/products/107/380/10__26318.15427881824847.jpg]
[cdn11.bigcommerce.com/s-5jeysafj8q/images/stencil/1580x1580/products/107/380/10__26318.15427881824847.jpg]
[cdn11.bigcommerce.com/s-5jeysafj8q/images/stencil/500x500/products/107/381/11__81291.15427881824847.jpg]
[cdn11.bigcommerce.com/s-5jeysafj8q/images/stencil/1580x1580/products/107/381/11__81291.15427881824847.jpg]
[sb-clickboom.mybigcommerce.com/dustpan-brush/index.html]
[sb-clickboom.mybigcommerce.com/login9a57.html]
[sb-clickboom.mybigcommerce.com/cart3cbf.html]
[sb-clickboom.mybigcommerce.com/cart3730.html]
[sb-clickboom.mybigcommerce.com/cart6dc0.html]
[cdn11.bigcommerce.com/s-5jeysafj8q/product_images/uploaded_images/feature-blog-5-.jpg]
[sb-clickboom.mybigcommerce.com/blog/proin-dictum-justo-a-nisl-fc2ba1/index.html]
[sb-clickboom.mybigcommerce.com/blog/proin-dictum-justo-a-nisl-fc2ba1/index612c.html]
[sb-clickboom.mybigcommerce.com/blog/proin-dictum-justo-a-nisl-fc2ba1/index85eb.html]
[cdn11.bigcommerce.com/s-5jeysafj8q/product_images/uploaded_images/feature-blog-6-.jpg]
[sb-clickboom.mybigcommerce.com/blog/mauris-in-pellentesque-tellus/index.html]
[sb-clickboom.mybigcommerce.com/blog/mauris-in-pellentesque-tellus/index612c.html]
[sb-clickboom.mybigcommerce.com/blog/mauris-in-pellentesque-tellus/index85eb.html]
[cdn11.bigcommerce.com/s-5jeysafj8q/product_images/uploaded_images/11003564836-2ee636a5f5-b.jpg]
[sb-clickboom.mybigcommerce.com/blog/proin-dictum-justo-a-nisl/index.html]
[sb-clickboom.mybigcommerce.com/blog/proin-dictum-justo-a-nisl/index612c.html]
[sb-clickboom.mybigcommerce.com/blog/proin-dictum-justo-a-nisl/index85eb.html]
[cdn11.bigcommerce.com/s-5jeysafj8q/product_images/uploaded_images/feature-blog-3-.jpg]
[sb-clickboom.mybigcommerce.com/blog/aenean-molestie-justo/index.html]
[sb-clickboom.mybigcommerce.com/blog/aenean-molestie-justo/index85eb.html]
[sb-clickboom.mybigcommerce.com/blog/aenean-molestie-justo/index612c.html]
[cdn11.bigcommerce.com/s-5jeysafj8q/product_images/uploaded_images/feature-blog-2-.jpg]
[sb-clickboom.mybigcommerce.com/blog/fusce-sagittis-massa-id-eros/index.html]
[sb-clickboom.mybigcommerce.com/blog/fusce-sagittis-massa-id-eros/index85eb.html]
[sb-clickboom.mybigcommerce.com/blog/fusce-sagittis-massa-id-eros/index612c.html]
[cdn11.bigcommerce.com/s-5jeysafj8q/product_images/uploaded_images/feature-blog-1-.jpg]
[sb-clickboom.mybigcommerce.com/blog/digital-event-january-2018/index.html]
[sb-clickboom.mybigcommerce.com/blog/digital-event-january-2018/index612c.html]
[sb-clickboom.mybigcommerce.com/blog/digital-event-january-2018/index85eb.html]
[sb-clickboom.mybigcommerce.com/brands/ofs/index.html]
[sb-clickboom.mybigcommerce.com/brands/ofs/index85eb.html]
[sb-clickboom.mybigcommerce.com/brands/common-good/index.html]
[sb-clickboom.mybigcommerce.com/brands/ofs/index612c.html]
[sb-clickboom.mybigcommerce.com/brands/common-good/index85eb.html]
[sb-clickboom.mybigcommerce.com/brands/sagaform/index.html]
[sb-clickboom.mybigcommerce.com/brands/common-good/index612c.html]
[sb-clickboom.mybigcommerce.com/brands/sagaform/index85eb.html]
[sb-clickboom.mybigcommerce.com/brands/sagaform/index612c.html]
[sb-clickboom.mybigcommerce.com/brands/index.html]
[sb-clickboom.mybigcommerce.com/brands/index85eb.html]
[sb-clickboom.mybigcommerce.com/brands/index612c.html]
[sb-clickboom.mybigcommerce.com/login0675.html]
[sb-clickboom.mybigcommerce.com/logindda8.html]
[sb-clickboom.mybigcommerce.com/login99b7.html]
[sb-clickboom.mybigcommerce.com/loginc913.html]
[sb-clickboom.mybigcommerce.com/login479d.html]
[sb-clickboom.mybigcommerce.com/login5d66.html]
[sb-clickboom.mybigcommerce.com/logina271.html]
[sb-clickboom.mybigcommerce.com/login8e0b.html]
[sb-clickboom.mybigcommerce.com/login4719.html]
[sb-clickboom.mybigcommerce.com/login1156.html]
[sb-clickboom.mybigcommerce.com/login5df3.html]
[sb-clickboom.mybigcommerce.com/login76aa.html]
[sb-clickboom.mybigcommerce.com/login644f.html]
[sb-clickboom.mybigcommerce.com/logind1fa.html]
[sb-clickboom.mybigcommerce.com/login8209.html]
[sb-clickboom.mybigcommerce.com/logindd0e.html]
[sb-clickboom.mybigcommerce.com/login91d7.html]
[sb-clickboom.mybigcommerce.com/login9599.html]
[sb-clickboom.mybigcommerce.com/login4d7b.html]
[sb-clickboom.mybigcommerce.com/loginbb46.html]
[sb-clickboom.mybigcommerce.com/login593d.html]
[sb-clickboom.mybigcommerce.com/loginb814.html]
[sb-clickboom.mybigcommerce.com/logine921.html]
[sb-clickboom.mybigcommerce.com/logincc10.html]
[sb-clickboom.mybigcommerce.com/login30f8.html]
[sb-clickboom.mybigcommerce.com/login1273.html]
[sb-clickboom.mybigcommerce.com/login7ead.html]
[sb-clickboom.mybigcommerce.com/login068a.html]
[sb-clickboom.mybigcommerce.com/login83b1.html]
[sb-clickboom.mybigcommerce.com/login98fd.html]
[sb-clickboom.mybigcommerce.com/login1cdb.html]
[sb-clickboom.mybigcommerce.com/login5946.html]
[sb-clickboom.mybigcommerce.com/logine579.html]
[sb-clickboom.mybigcommerce.com/login8cbd.html]
[sb-clickboom.mybigcommerce.com/login41f5.html]
[sb-clickboom.mybigcommerce.com/logine6a7.html]
[sb-clickboom.mybigcommerce.com/login0f53.html]
[sb-clickboom.mybigcommerce.com/loginb320.html]
[sb-clickboom.mybigcommerce.com/login432d.html]
[sb-clickboom.mybigcommerce.com/login6b0b.html]
[sb-clickboom.mybigcommerce.com/login8311.html]
[sb-clickboom.mybigcommerce.com/loginf872.html]
[sb-clickboom.mybigcommerce.com/login0447.html]
[sb-clickboom.mybigcommerce.com/login5485.html]
[sb-clickboom.mybigcommerce.com/login538d.html]
[sb-clickboom.mybigcommerce.com/logince74.html]
[sb-clickboom.mybigcommerce.com/logina61b.html]
[sb-clickboom.mybigcommerce.com/login69b0.html]
[cdn11.bigcommerce.com/shared/css/open_sans-2c374369d08b2848673ff16370d132489125c335.css]
[cdn11.bigcommerce.com/shared/bower/ng-checkout/dist/css/ng-checkout.min-e4af35c101938dbd77e9782167c1e6a3b8b5b722.css]
[cdn11.bigcommerce.com/s-5jeysafj8q/stencil/d7a3b3a0-fb9a-0136-bca6-1b3c63b2f4dc/e/7d147310-fb9b-0136-a892-03abfbabe237/css/optimized-checkout-e66d7b10-fb9a-0136-2016-0758c51394b6.css]
[cdn11.bigcommerce.com/s-5jeysafj8q/product_images/logo_1544415020__65511.png]
[cdn11.bigcommerce.com/shared/bower/ng-checkout/dist/js/vendor.min-b81e2cfddcb974995eedb61e60fd0eb0928ddc8c.js]
[cdn11.bigcommerce.com/shared/bower/ng-checkout/dist/js/ng-checkout.min-083fff31f498a987d827c02acbad9228c75056ce.js]
[cdn.ravenjs.com/3.26.2/angular/raven.min.js]
[sb-clickboom.mybigcommerce.com/https_.204.delayed]
[sb-clickboom.mybigcommerce.com/checkout.html]
[sb-clickboom.mybigcommerce.com/pages187d.html]
[sb-clickboom.mybigcommerce.com/collections/indexf1d4.html]
[sb-clickboom.mybigcommerce.com/collections/index7cb6.html]
[sb-clickboom.mybigcommerce.com/collections/index4658.html]
[sb-clickboom.mybigcommerce.com/collections/index85eb.html]
[sb-clickboom.mybigcommerce.com/collections/index612c.html]
[sb-clickboom.mybigcommerce.com/collections/index9535.html]
[sb-clickboom.mybigcommerce.com/collections/indexfa72.html]
[sb-clickboom.mybigcommerce.com/collections/index45ee.html]
[sb-clickboom.mybigcommerce.com/collections/indexe8e8.html]
[sb-clickboom.mybigcommerce.com/collections/index6330.html]
[sb-clickboom.mybigcommerce.com/collections/index601a.html]
[sb-clickboom.mybigcommerce.com/collections/index930c.html]
[sb-clickboom.mybigcommerce.com/collections/indexe8c4.html]
[sb-clickboom.mybigcommerce.com/collections/index107f.html]
[sb-clickboom.mybigcommerce.com/collections/indexc96c.html]
[sb-clickboom.mybigcommerce.com/collections/index2a3a.html]
[sb-clickboom.mybigcommerce.com/collections/index86a9.html]
[sb-clickboom.mybigcommerce.com/collections/index2200.html]
[sb-clickboom.mybigcommerce.com/collections/index3016.html]
[sb-clickboom.mybigcommerce.com/collections/indexcdb8.html]
[sb-clickboom.mybigcommerce.com/collections/indexc8fe.html]
[sb-clickboom.mybigcommerce.com/collections/index5321.html]
[sb-clickboom.mybigcommerce.com/collections/indexe77d.html]
[cdn11.bigcommerce.com/s-5jeysafj8q/products/93/images/397/10__85920.1542788457.386.5134847.jpg]
[cdn11.bigcommerce.com/s-5jeysafj8q/images/stencil/1580x1580/products/93/397/10__85920.1542788457a885.jpg]
[cdn11.bigcommerce.com/s-5jeysafj8q/images/stencil/500x500/products/93/397/10__85920.1542788457a885.jpg]
[cdn11.bigcommerce.com/s-5jeysafj8q/images/stencil/500x500/products/93/397/10__85920.15427884574847.jpg]
[cdn11.bigcommerce.com/s-5jeysafj8q/images/stencil/1580x1580/products/93/397/10__85920.15427884574847.jpg]
[cdn11.bigcommerce.com/s-5jeysafj8q/images/stencil/500x500/products/93/398/16__18551.15427884584847.jpg]
[cdn11.bigcommerce.com/s-5jeysafj8q/images/stencil/1580x1580/products/93/398/16__18551.15427884584847.jpg]
[cdn11.bigcommerce.com/s-5jeysafj8q/images/stencil/500x500/products/93/399/21__42717.15427884584847.jpg]
[cdn11.bigcommerce.com/s-5jeysafj8q/images/stencil/1580x1580/products/93/399/21__42717.15427884584847.jpg]
[sb-clickboom.mybigcommerce.com/1-l-le-parfait-jar/index.html]
[sb-clickboom.mybigcommerce.com/logind735.html]
[sb-clickboom.mybigcommerce.com/collections/index1bb6.html]
[sb-clickboom.mybigcommerce.com/smartphone/electronic/index85eb.html]
[sb-clickboom.mybigcommerce.com/smartphone/electronic/index612c.html]
[sb-clickboom.mybigcommerce.com/smartphone/electronic/fans/index85eb.html]
[sb-clickboom.mybigcommerce.com/smartphone/electronic/fans/index612c.html]
[sb-clickboom.mybigcommerce.com/giftcertificates51c2.html]
[sb-clickboom.mybigcommerce.com/giftcertificatesd962.html]
[sb-clickboom.mybigcommerce.com/smartphone/electronic/headphone/index85eb.html]
[sb-clickboom.mybigcommerce.com/smartphone/electronic/headphone/index612c.html]
[sb-clickboom.mybigcommerce.com/smartphone/electronic/smartphone/index85eb.html]
[sb-clickboom.mybigcommerce.com/smartphone/electronic/smartphone/index612c.html]
[sb-clickboom.mybigcommerce.com/smartphone/electronic/tv/index85eb.html]
[sb-clickboom.mybigcommerce.com/smartphone/electronic/tv/index612c.html]
[sb-clickboom.mybigcommerce.com/smartphone/game-box/index85eb.html]
[sb-clickboom.mybigcommerce.com/smartphone/game-box/index612c.html]
[sb-clickboom.mybigcommerce.com/smartphone/game-box/accessories/index85eb.html]
[sb-clickboom.mybigcommerce.com/smartphone/game-box/accessories/index612c.html]
[sb-clickboom.mybigcommerce.com/smartphone/game-box/microsoft/index85eb.html]
[sb-clickboom.mybigcommerce.com/smartphone/game-box/microsoft/index612c.html]
[sb-clickboom.mybigcommerce.com/smartphone/game-box/nvidia/index85eb.html]
[sb-clickboom.mybigcommerce.com/smartphone/game-box/nvidia/index612c.html]
[sb-clickboom.mybigcommerce.com/smartphone/game-box/sony/index85eb.html]
[sb-clickboom.mybigcommerce.com/smartphone/game-box/sony/index612c.html]
[sb-clickboom.mybigcommerce.com/collections/headphone/index85eb.html]
[sb-clickboom.mybigcommerce.com/collections/headphone/index612c.html]
[sb-clickboom.mybigcommerce.com/smartphone/headphone/apple/index85eb.html]
[sb-clickboom.mybigcommerce.com/smartphone/headphone/apple/index612c.html]
[sb-clickboom.mybigcommerce.com/smartphone/headphone/beats-audio/index85eb.html]
[sb-clickboom.mybigcommerce.com/smartphone/headphone/beats-audio/index612c.html]
[sb-clickboom.mybigcommerce.com/smartphone/headphone/microlab/index85eb.html]
[sb-clickboom.mybigcommerce.com/smartphone/headphone/microlab/index612c.html]
[sb-clickboom.mybigcommerce.com/smartphone/headphone/sony-walkman/index85eb.html]
[sb-clickboom.mybigcommerce.com/smartphone/headphone/sony-walkman/index612c.html]
[sb-clickboom.mybigcommerce.com/smartphone/camera/index85eb.html]
[sb-clickboom.mybigcommerce.com/smartphone/camera/index612c.html]
[sb-clickboom.mybigcommerce.com/smartphone/camera/accessories/index85eb.html]
[sb-clickboom.mybigcommerce.com/smartphone/camera/accessories/index612c.html]
[sb-clickboom.mybigcommerce.com/smartphone/camera/cannon/index85eb.html]
[sb-clickboom.mybigcommerce.com/smartphone/camera/cannon/index612c.html]
[sb-clickboom.mybigcommerce.com/smartphone/camera/lg/index85eb.html]
[sb-clickboom.mybigcommerce.com/smartphone/camera/lg/index612c.html]
[sb-clickboom.mybigcommerce.com/smartphone/camera/nikon/index85eb.html]
[sb-clickboom.mybigcommerce.com/smartphone/camera/nikon/index612c.html]
[sb-clickboom.mybigcommerce.com/computer-off/index85eb.html]
[sb-clickboom.mybigcommerce.com/computer-off/index612c.html]
[sb-clickboom.mybigcommerce.com/computer-office/computer-components/index85eb.html]
[sb-clickboom.mybigcommerce.com/computer-office/computer-components/index612c.html]
[sb-clickboom.mybigcommerce.com/computer-office/computer-components/3d-printers/index85eb.html]
[sb-clickboom.mybigcommerce.com/computer-office/computer-components/3d-printers/index612c.html]
[sb-clickboom.mybigcommerce.com/computer-office/computer-components/3d-scanners/index85eb.html]
[sb-clickboom.mybigcommerce.com/computer-office/computer-components/3d-scanners/index612c.html]
[sb-clickboom.mybigcommerce.com/computer-office/computer-components/printer-supplies/index85eb.html]
[sb-clickboom.mybigcommerce.com/computer-office/computer-components/printer-supplies/index612c.html]
[sb-clickboom.mybigcommerce.com/computer-office/computer-components/projectors/index85eb.html]
[sb-clickboom.mybigcommerce.com/computer-office/computer-components/projectors/index612c.html]
[sb-clickboom.mybigcommerce.com/computer-office/office-electronics/index85eb.html]
[sb-clickboom.mybigcommerce.com/computer-office/office-electronics/index612c.html]
[sb-clickboom.mybigcommerce.com/computer-office/office-electronics/mouse-keyboards/index85eb.html]
[sb-clickboom.mybigcommerce.com/computer-office/office-electronics/mouse-keyboards/index612c.html]
[sb-clickboom.mybigcommerce.com/computer-office/office-electronics/usb-gadgets/index85eb.html]
[sb-clickboom.mybigcommerce.com/computer-office/office-electronics/usb-gadgets/index612c.html]
[sb-clickboom.mybigcommerce.com/computer-office/office-electronics/usb-hubs/index85eb.html]
[sb-clickboom.mybigcommerce.com/computer-office/office-electronics/usb-hubs/index612c.html]
[sb-clickboom.mybigcommerce.com/computer-office/office-electronics/webcams/index85eb.html]
[sb-clickboom.mybigcommerce.com/computer-office/office-electronics/webcams/index612c.html]
[sb-clickboom.mybigcommerce.com/shop/peripherals/index85eb.html]
[sb-clickboom.mybigcommerce.com/shop/peripherals/index612c.html]
[sb-clickboom.mybigcommerce.com/computer-office/computer-peripherals/cpus/index85eb.html]
[sb-clickboom.mybigcommerce.com/computer-office/computer-peripherals/cpus/index612c.html]
[sb-clickboom.mybigcommerce.com/computer-office/computer-peripherals/graphics-cards/index85eb.html]
[sb-clickboom.mybigcommerce.com/computer-office/computer-peripherals/graphics-cards/index612c.html]
[sb-clickboom.mybigcommerce.com/computer-office/computer-peripherals/motherboards/index85eb.html]
[sb-clickboom.mybigcommerce.com/computer-office/computer-peripherals/motherboards/index612c.html]
[sb-clickboom.mybigcommerce.com/computer-office/computer-peripherals/rams/index85eb.html]
[sb-clickboom.mybigcommerce.com/computer-office/computer-peripherals/rams/index612c.html]
[sb-clickboom.mybigcommerce.com/computer-office/tablets/index85eb.html]
[sb-clickboom.mybigcommerce.com/computer-office/tablets/index612c.html]
[sb-clickboom.mybigcommerce.com/computer-office/tablets/ipad/index85eb.html]
[sb-clickboom.mybigcommerce.com/computer-office/tablets/ipad/index612c.html]
[sb-clickboom.mybigcommerce.com/computer-office/tablets/android-tablets/index85eb.html]
[sb-clickboom.mybigcommerce.com/computer-office/tablets/android-tablets/index612c.html]
[sb-clickboom.mybigcommerce.com/home-garden/index85eb.html]
[sb-clickboom.mybigcommerce.com/home-garden/index612c.html]
[sb-clickboom.mybigcommerce.com/home-garden/arts-crafts-sewing/index85eb.html]
[sb-clickboom.mybigcommerce.com/home-garden/arts-crafts-sewing/index612c.html]
[sb-clickboom.mybigcommerce.com/home-garden/arts-crafts-sewing/apparel-sewing-fabric/index85eb.html]
[sb-clickboom.mybigcommerce.com/home-garden/arts-crafts-sewing/apparel-sewing-fabric/index612c.html]
[sb-clickboom.mybigcommerce.com/home-garden/arts-crafts-sewing/cross-stitch/index85eb.html]
[sb-clickboom.mybigcommerce.com/home-garden/arts-crafts-sewing/cross-stitch/index612c.html]
[sb-clickboom.mybigcommerce.com/home-garden/arts-crafts-sewing/fabric/index85eb.html]
[sb-clickboom.mybigcommerce.com/home-garden/arts-crafts-sewing/fabric/index612c.html]
[sb-clickboom.mybigcommerce.com/home-garden/arts-crafts-sewing/needle-arts-crafts/index85eb.html]
[sb-clickboom.mybigcommerce.com/home-garden/arts-crafts-sewing/needle-arts-crafts/index612c.html]
[sb-clickboom.mybigcommerce.com/home-garden/home-textile/index85eb.html]
[sb-clickboom.mybigcommerce.com/home-garden/home-textile/index612c.html]
[sb-clickboom.mybigcommerce.com/home-garden/home-textile/bedding/index85eb.html]
[sb-clickboom.mybigcommerce.com/home-garden/home-textile/bedding/index612c.html]
[sb-clickboom.mybigcommerce.com/home-garden/home-textile/curtains/index85eb.html]
[sb-clickboom.mybigcommerce.com/home-garden/home-textile/curtains/index612c.html]
[sb-clickboom.mybigcommerce.com/home-garden/home-textile/pillows/index85eb.html]
[sb-clickboom.mybigcommerce.com/home-garden/home-textile/pillows/index612c.html]
[sb-clickboom.mybigcommerce.com/home-garden/home-textile/towelstowels/index85eb.html]
[sb-clickboom.mybigcommerce.com/home-garden/home-textile/towelstowels/index612c.html]
[sb-clickboom.mybigcommerce.com/home-garden/kitchen-dining-bar/index85eb.html]
[sb-clickboom.mybigcommerce.com/home-garden/kitchen-dining-bar/index612c.html]
[sb-clickboom.mybigcommerce.com/home-garden/kitchen-dining-bar/barware/index85eb.html]
[sb-clickboom.mybigcommerce.com/home-garden/kitchen-dining-bar/barware/index612c.html]
[sb-clickboom.mybigcommerce.com/home-garden/kitchen-dining-bar/coffeeware/index85eb.html]
[sb-clickboom.mybigcommerce.com/home-garden/kitchen-dining-bar/coffeeware/index612c.html]
[sb-clickboom.mybigcommerce.com/home-garden/kitchen-dining-bar/dinnerware/index85eb.html]
[sb-clickboom.mybigcommerce.com/home-garden/kitchen-dining-bar/dinnerware/index612c.html]
[sb-clickboom.mybigcommerce.com/home-garden/kitchen-dining-bar/teaware/index85eb.html]
[sb-clickboom.mybigcommerce.com/home-garden/kitchen-dining-bar/teaware/index612c.html]
[sb-clickboom.mybigcommerce.com/home-decor/index85eb.html]
[sb-clickboom.mybigcommerce.com/home-decor/index612c.html]
[sb-clickboom.mybigcommerce.com/home-decor/clocks/index85eb.html]
[sb-clickboom.mybigcommerce.com/home-decor/clocks/index612c.html]
[sb-clickboom.mybigcommerce.com/home-decor/ornaments/index85eb.html]
[sb-clickboom.mybigcommerce.com/home-decor/ornaments/index612c.html]
[sb-clickboom.mybigcommerce.com/home-decor/photo-albums/index85eb.html]
[sb-clickboom.mybigcommerce.com/home-decor/photo-albums/index612c.html]
[sb-clickboom.mybigcommerce.com/home-decor/wall-stickers/index85eb.html]
[sb-clickboom.mybigcommerce.com/home-decor/wall-stickers/index612c.html]
[sb-clickboom.mybigcommerce.com/computer-office/tablets/phone-call-tablets/index85eb.html]
[sb-clickboom.mybigcommerce.com/computer-office/tablets/phone-call-tablets/index612c.html]
[sb-clickboom.mybigcommerce.com/gifts-sport-toys/index85eb.html]
[sb-clickboom.mybigcommerce.com/gifts-sport-toys/index612c.html]
[sb-clickboom.mybigcommerce.com/health-beauty/index85eb.html]
[sb-clickboom.mybigcommerce.com/health-beauty/index612c.html]
[sb-clickboom.mybigcommerce.com/tv/index85eb.html]
[sb-clickboom.mybigcommerce.com/tv/index612c.html]
[sb-clickboom.mybigcommerce.com/laptop/index85eb.html]
[sb-clickboom.mybigcommerce.com/laptop/index612c.html]
[sb-clickboom.mybigcommerce.com/laptop/indexe8e8.html]
[sb-clickboom.mybigcommerce.com/laptop/index6330.html]
[sb-clickboom.mybigcommerce.com/laptop/index107f.html]
[sb-clickboom.mybigcommerce.com/laptop/index930c.html]
[sb-clickboom.mybigcommerce.com/laptop/indexe8c4.html]
[sb-clickboom.mybigcommerce.com/laptop/index601a.html]
[sb-clickboom.mybigcommerce.com/laptop/indexc96c.html]
[sb-clickboom.mybigcommerce.com/laptop/index86a9.html]
[sb-clickboom.mybigcommerce.com/laptop/index2200.html]
[sb-clickboom.mybigcommerce.com/laptop/index2a3a.html]
[sb-clickboom.mybigcommerce.com/laptop/indexcdb8.html]
[sb-clickboom.mybigcommerce.com/laptop/index3016.html]
[sb-clickboom.mybigcommerce.com/laptop/indexc8fe.html]
[sb-clickboom.mybigcommerce.com/accessories/index85eb.html]
[sb-clickboom.mybigcommerce.com/accessories/index612c.html]
[sb-clickboom.mybigcommerce.com/organic/index85eb.html]
[sb-clickboom.mybigcommerce.com/organic/index612c.html]
[sb-clickboom.mybigcommerce.com/laptop/index5321.html]
[sb-clickboom.mybigcommerce.com/laptop/indexe77d.html]
[sb-clickboom.mybigcommerce.com/organic/index6e8d.html]
[sb-clickboom.mybigcommerce.com/organic/indexb962.html]
[sb-clickboom.mybigcommerce.com/organic/index68f5.html]
[sb-clickboom.mybigcommerce.com/organic/indexc877.html]
[sb-clickboom.mybigcommerce.com/organic/index93e6.html]
[sb-clickboom.mybigcommerce.com/organic/index7b7d.html]
[sb-clickboom.mybigcommerce.com/organic/index4607.html]
[sb-clickboom.mybigcommerce.com/organic/index0788.html]
[sb-clickboom.mybigcommerce.com/organic/index0b01.html]
[sb-clickboom.mybigcommerce.com/organic/indexe1d3.html]
[sb-clickboom.mybigcommerce.com/organic/index611b.html]
[sb-clickboom.mybigcommerce.com/organic/index2644.html]
[sb-clickboom.mybigcommerce.com/organic/indexb23a.html]
[sb-clickboom.mybigcommerce.com/digital-electric/index85eb.html]
[sb-clickboom.mybigcommerce.com/digital-electric/index612c.html]
[sb-clickboom.mybigcommerce.com/organic/index5e1f.html]
[sb-clickboom.mybigcommerce.com/organic/index7015.html]
[sb-clickboom.mybigcommerce.com/cart85eb.html]
[sb-clickboom.mybigcommerce.com/cart612c.html]
[sb-clickboom.mybigcommerce.com/login85eb.html]
[sb-clickboom.mybigcommerce.com/login612c.html]
[cdnjs.cloudflare.com/ajax/libs/magnific-popup.js/1.1.0/magnific-popup.min.css]
[sb-clickboom.mybigcommerce.com/brand/index85eb.html]
[sb-clickboom.mybigcommerce.com/brand/index612c.html]
[sb-clickboom.mybigcommerce.com/blog/index85eb.html]
[sb-clickboom.mybigcommerce.com/blog/index612c.html]
[cdn11.bigcommerce.com/s-5jeysafj8q/product_images/uploaded_images/feature-blog-4-.jpg]
[sb-clickboom.mybigcommerce.com/blog/fusce-sagittis-massa-id/index.html]
[sb-clickboom.mybigcommerce.com/blog/fusce-sagittis-massa-id/index85eb.html]
[sb-clickboom.mybigcommerce.com/blog/fusce-sagittis-massa-id/index612c.html]
[sb-clickboom.mybigcommerce.com/blog/tag/technology85eb.html]
[sb-clickboom.mybigcommerce.com/blog/tag/technology.html]
[sb-clickboom.mybigcommerce.com/blog/tag/technology612c.html]
[sb-clickboom.mybigcommerce.com/blog/tag/new85eb.html]
[sb-clickboom.mybigcommerce.com/blog/tag/new.html]
[sb-clickboom.mybigcommerce.com/blog/tag/new612c.html]
[sb-clickboom.mybigcommerce.com/blog/tag/laptop85eb.html]
[sb-clickboom.mybigcommerce.com/blog/tag/laptop.html]
[sb-clickboom.mybigcommerce.com/pages/index85eb.html]
[sb-clickboom.mybigcommerce.com/pages/index612c.html]
[sb-clickboom.mybigcommerce.com/blog/tag/laptop612c.html]
[sb-clickboom.mybigcommerce.com/contact-us/index85eb.html]
[sb-clickboom.mybigcommerce.com/contact-us/index612c.html]
[sb-clickboom.mybigcommerce.com/about-us/index85eb.html]
[sb-clickboom.mybigcommerce.com/about-us/index612c.html]
[sb-clickboom.mybigcommerce.com/contact-us85eb.html]
[sb-clickboom.mybigcommerce.com/contact-us.html]
[sb-clickboom.mybigcommerce.com/faqs/index85eb.html]
[sb-clickboom.mybigcommerce.com/faqs/index612c.html]
[sb-clickboom.mybigcommerce.com/contact-us612c.html]
[sb-clickboom.mybigcommerce.com/services/index85eb.html]
[sb-clickboom.mybigcommerce.com/services/index612c.html]
[sb-clickboom.mybigcommerce.com/support-24-7/index85eb.html]
[sb-clickboom.mybigcommerce.com/support-24-7/index612c.html]
[sb-clickboom.mybigcommerce.com/photo-gallery/index85eb.html]
[sb-clickboom.mybigcommerce.com/photo-gallery/index612c.html]
[sb-clickboom.mybigcommerce.com/shipping-returns/index85eb.html]
[sb-clickboom.mybigcommerce.com/shipping-returns/index612c.html]
[sb-clickboom.mybigcommerce.com/compare85eb.html]
[sb-clickboom.mybigcommerce.com/compare612c.html]
[sb-clickboom.mybigcommerce.com/login68a9.html]
[sb-clickboom.mybigcommerce.com/login87dc.html]
[sb-clickboom.mybigcommerce.com/login8a80.html]
[sb-clickboom.mybigcommerce.com/login37ba.html]
[sb-clickboom.mybigcommerce.com/able-brewing-system-care/index85eb.html]
[sb-clickboom.mybigcommerce.com/able-brewing-system-care/index612c.html]
[sb-clickboom.mybigcommerce.com/logince65.html]
[sb-clickboom.mybigcommerce.com/login155f.html]
[sb-clickboom.mybigcommerce.com/login4482.html]
[sb-clickboom.mybigcommerce.com/cart77e8.html]
[sb-clickboom.mybigcommerce.com/cart7953.html]
[sb-clickboom.mybigcommerce.com/tiered-wire-basket-detergent/index85eb.html]
[sb-clickboom.mybigcommerce.com/tiered-wire-basket-detergent/index612c.html]
[sb-clickboom.mybigcommerce.com/logina20e.html]
[sb-clickboom.mybigcommerce.com/logina347.html]
[sb-clickboom.mybigcommerce.com/loginb4c9.html]
[sb-clickboom.mybigcommerce.com/cart2a10.html]
[sb-clickboom.mybigcommerce.com/cart4a6a.html]
[sb-clickboom.mybigcommerce.com/canvas-laundry-cart-small/index85eb.html]
[sb-clickboom.mybigcommerce.com/canvas-laundry-cart-small/index612c.html]
[sb-clickboom.mybigcommerce.com/loginae3a.html]
[sb-clickboom.mybigcommerce.com/login85fa.html]
[sb-clickboom.mybigcommerce.com/login4686.html]
[sb-clickboom.mybigcommerce.com/cart5eda.html]
[sb-clickboom.mybigcommerce.com/cart79f9.html]
[sb-clickboom.mybigcommerce.com/chemex-coffeemaker-3-cup/index85eb.html]
[sb-clickboom.mybigcommerce.com/chemex-coffeemaker-3-cup/index612c.html]
[sb-clickboom.mybigcommerce.com/loginad54.html]
[sb-clickboom.mybigcommerce.com/login00ba.html]
[sb-clickboom.mybigcommerce.com/login38b1.html]
[sb-clickboom.mybigcommerce.com/cart965d.html]
[sb-clickboom.mybigcommerce.com/cart2363.html]
[sb-clickboom.mybigcommerce.com/fog-linen-chambray-towel-beige-stripe/index85eb.html]
[sb-clickboom.mybigcommerce.com/fog-linen-chambray-towel-beige-stripe/index612c.html]
[sb-clickboom.mybigcommerce.com/loginb497.html]
[sb-clickboom.mybigcommerce.com/login08bc.html]
[sb-clickboom.mybigcommerce.com/orbit-terrarium-large/index85eb.html]
[sb-clickboom.mybigcommerce.com/login69b8.html]
[sb-clickboom.mybigcommerce.com/orbit-terrarium-large/index612c.html]
[sb-clickboom.mybigcommerce.com/login4af7.html]
[sb-clickboom.mybigcommerce.com/login8f3f.html]
[sb-clickboom.mybigcommerce.com/login0a9a.html]
[sb-clickboom.mybigcommerce.com/cartf96c.html]
[sb-clickboom.mybigcommerce.com/cartcb8b.html]
[sb-clickboom.mybigcommerce.com/oak-cheese-grater/index85eb.html]
[sb-clickboom.mybigcommerce.com/oak-cheese-grater/index612c.html]
[sb-clickboom.mybigcommerce.com/loginb4e5.html]
[sb-clickboom.mybigcommerce.com/login2a56.html]
[sb-clickboom.mybigcommerce.com/login3be2.html]
[sb-clickboom.mybigcommerce.com/cartdc99.html]
[sb-clickboom.mybigcommerce.com/cart1e24.html]
[sb-clickboom.mybigcommerce.com/orbit-terrarium-small/index85eb.html]
[sb-clickboom.mybigcommerce.com/orbit-terrarium-small/index612c.html]
[sb-clickboom.mybigcommerce.com/loginb61a.html]
[sb-clickboom.mybigcommerce.com/loginefd4.html]
[sb-clickboom.mybigcommerce.com/login08c2.html]
[sb-clickboom.mybigcommerce.com/cartce99.html]
[sb-clickboom.mybigcommerce.com/cartf600.html]
[sb-clickboom.mybigcommerce.com/laundry-detergent/index85eb.html]
[sb-clickboom.mybigcommerce.com/laundry-detergent/index612c.html]
[sb-clickboom.mybigcommerce.com/login3cd5.html]
[sb-clickboom.mybigcommerce.com/login8bbe.html]
[sb-clickboom.mybigcommerce.com/login76a2.html]
[sb-clickboom.mybigcommerce.com/carteecf.html]
[sb-clickboom.mybigcommerce.com/cart1b72.html]
[sb-clickboom.mybigcommerce.com/smith-journal-13/index85eb.html]
[sb-clickboom.mybigcommerce.com/smith-journal-13/index612c.html]
[sb-clickboom.mybigcommerce.com/login186c.html]
[sb-clickboom.mybigcommerce.com/loginf185.html]
[sb-clickboom.mybigcommerce.com/loginf2e7.html]
[sb-clickboom.mybigcommerce.com/carta3da.html]
[sb-clickboom.mybigcommerce.com/cart6787.html]
[sb-clickboom.mybigcommerce.com/utility-caddy/index85eb.html]
[sb-clickboom.mybigcommerce.com/utility-caddy/index612c.html]
[sb-clickboom.mybigcommerce.com/login7571.html]
[sb-clickboom.mybigcommerce.com/login412d.html]
[sb-clickboom.mybigcommerce.com/login9f64.html]
[sb-clickboom.mybigcommerce.com/cart8428.html]
[sb-clickboom.mybigcommerce.com/cart9d4a.html]
[sb-clickboom.mybigcommerce.com/dustpan-brush/index85eb.html]
[sb-clickboom.mybigcommerce.com/dustpan-brush/index612c.html]
[sb-clickboom.mybigcommerce.com/logincf07.html]
[sb-clickboom.mybigcommerce.com/login9a57.html]
[sb-clickboom.mybigcommerce.com/login928f.html]
[sb-clickboom.mybigcommerce.com/cart3cbf.html]
[sb-clickboom.mybigcommerce.com/cart3730.html]
[sb-clickboom.mybigcommerce.com/blog/proin-dictum-justo-a-nisl-fc2ba1/index85eb.html]
[sb-clickboom.mybigcommerce.com/blog/proin-dictum-justo-a-nisl-fc2ba1/index612c.html]
[sb-clickboom.mybigcommerce.com/blog/mauris-in-pellentesque-tellus/index85eb.html]
[sb-clickboom.mybigcommerce.com/blog/mauris-in-pellentesque-tellus/index612c.html]
[sb-clickboom.mybigcommerce.com/blog/proin-dictum-justo-a-nisl/index85eb.html]
[sb-clickboom.mybigcommerce.com/blog/proin-dictum-justo-a-nisl/index612c.html]
[sb-clickboom.mybigcommerce.com/blog/aenean-molestie-justo/index85eb.html]
[sb-clickboom.mybigcommerce.com/blog/aenean-molestie-justo/index612c.html]
[sb-clickboom.mybigcommerce.com/blog/fusce-sagittis-massa-id-eros/index85eb.html]
[sb-clickboom.mybigcommerce.com/blog/fusce-sagittis-massa-id-eros/index612c.html]
[sb-clickboom.mybigcommerce.com/blog/digital-event-january-2018/index85eb.html]
[sb-clickboom.mybigcommerce.com/blog/digital-event-january-2018/index612c.html]
[sb-clickboom.mybigcommerce.com/brands/ofs/index85eb.html]
[sb-clickboom.mybigcommerce.com/brands/ofs/index612c.html]
[sb-clickboom.mybigcommerce.com/brands/common-good/index85eb.html]
[sb-clickboom.mybigcommerce.com/brands/common-good/index612c.html]
[sb-clickboom.mybigcommerce.com/brands/sagaform/index85eb.html]
[sb-clickboom.mybigcommerce.com/brands/sagaform/index612c.html]
[sb-clickboom.mybigcommerce.com/brands/index85eb.html]
[sb-clickboom.mybigcommerce.com/brands/index612c.html]
[sb-clickboom.mybigcommerce.com/login0675.html]
[sb-clickboom.mybigcommerce.com/login99b7.html]
[sb-clickboom.mybigcommerce.com/loginc913.html]
[sb-clickboom.mybigcommerce.com/login5d66.html]
[sb-clickboom.mybigcommerce.com/logina271.html]
[sb-clickboom.mybigcommerce.com/login4719.html]
[sb-clickboom.mybigcommerce.com/login1156.html]
[sb-clickboom.mybigcommerce.com/login76aa.html]
[sb-clickboom.mybigcommerce.com/login644f.html]
[sb-clickboom.mybigcommerce.com/login8209.html]
[sb-clickboom.mybigcommerce.com/logindd0e.html]
[sb-clickboom.mybigcommerce.com/login9599.html]
[sb-clickboom.mybigcommerce.com/login4d7b.html]
[sb-clickboom.mybigcommerce.com/login593d.html]
[sb-clickboom.mybigcommerce.com/loginb814.html]
[sb-clickboom.mybigcommerce.com/logincc10.html]
[sb-clickboom.mybigcommerce.com/login30f8.html]
[sb-clickboom.mybigcommerce.com/login7ead.html]
[sb-clickboom.mybigcommerce.com/login068a.html]
[sb-clickboom.mybigcommerce.com/login98fd.html]
[sb-clickboom.mybigcommerce.com/login1cdb.html]
[sb-clickboom.mybigcommerce.com/logine579.html]
[sb-clickboom.mybigcommerce.com/login8cbd.html]
[sb-clickboom.mybigcommerce.com/logine6a7.html]
[sb-clickboom.mybigcommerce.com/login0f53.html]
[sb-clickboom.mybigcommerce.com/login432d.html]
[sb-clickboom.mybigcommerce.com/login6b0b.html]
[sb-clickboom.mybigcommerce.com/loginf872.html]
[sb-clickboom.mybigcommerce.com/login0447.html]
[sb-clickboom.mybigcommerce.com/login538d.html]
[sb-clickboom.mybigcommerce.com/logince74.html]
[sb-clickboom.mybigcommerce.com/login69b0.html]
[cdn11.bigcommerce.com/shared/css/fonts/open_sans/DXI1ORHCpsQm3Vp6mXoaTXhCUOGz7vYGh680lGh-uXM.woff]
[cdn11.bigcommerce.com/shared/css/fonts/open_sans/cJZKeOuBrn4kERxqtaUH3T8E0i7KZn-EPnyo3HZu7kw.woff]
[cdn11.bigcommerce.com/shared/css/fonts/open_sans/MTP_ySUJH_bn48VBG8sNSnhCUOGz7vYGh680lGh-uXM.woff]
[cdn11.bigcommerce.com/shared/css/fonts/open_sans/k3k702ZOKiLJc3WVjuplzHhCUOGz7vYGh680lGh-uXM.woff]
[cdn11.bigcommerce.com/shared/css/fonts/open_sans/EInbV5DfGHOiMmvb1Xr-hnhCUOGz7vYGh680lGh-uXM.woff]
[cdn11.bigcommerce.com/shared/css/fonts/open_sans/DXI1ORHCpsQm3Vp6mXoaTQ7aC6SjiAOpAWOKfJDfVRY.woff2]
[cdn11.bigcommerce.com/shared/css/fonts/open_sans/DXI1ORHCpsQm3Vp6mXoaTRdwxCXfZpKo5kWAx_74bHs.woff2]
[cdn11.bigcommerce.com/shared/css/fonts/open_sans/DXI1ORHCpsQm3Vp6mXoaTZ6vnaPZw6nYDxM4SVEMFKg.woff2]
[cdn11.bigcommerce.com/shared/css/fonts/open_sans/DXI1ORHCpsQm3Vp6mXoaTfy1_HTwRwgtl1cPga3Fy3Y.woff2]
[cdn11.bigcommerce.com/shared/css/fonts/open_sans/DXI1ORHCpsQm3Vp6mXoaTfgrLsWo7Jk1KvZser0olKY.woff2]
[cdn11.bigcommerce.com/shared/css/fonts/open_sans/DXI1ORHCpsQm3Vp6mXoaTYjoYw3YTyktCCer_ilOlhE.woff2]
[cdn11.bigcommerce.com/shared/css/fonts/open_sans/DXI1ORHCpsQm3Vp6mXoaTRampu5_7CjHW5spxoeN3Vs.woff2]
[cdn11.bigcommerce.com/shared/css/fonts/open_sans/K88pR3goAWT7BTt32Z01m4X0hVgzZQUfRDuZrPvH3D8.woff2]
[cdn11.bigcommerce.com/shared/css/fonts/open_sans/RjgO7rYTmqiVp7vzi-Q5UYX0hVgzZQUfRDuZrPvH3D8.woff2]
[cdn11.bigcommerce.com/shared/css/fonts/open_sans/LWCjsQkB6EMdfHrEVqA1KYX0hVgzZQUfRDuZrPvH3D8.woff2]
[cdn11.bigcommerce.com/shared/css/fonts/open_sans/xozscpT2726on7jbcb_pAoX0hVgzZQUfRDuZrPvH3D8.woff2]
[cdn11.bigcommerce.com/shared/css/fonts/open_sans/59ZRklaO5bWGqF5A9baEEYX0hVgzZQUfRDuZrPvH3D8.woff2]
[cdn11.bigcommerce.com/shared/css/fonts/open_sans/u-WUoqrET9fUeobQW7jkRYX0hVgzZQUfRDuZrPvH3D8.woff2]
[cdn11.bigcommerce.com/shared/css/fonts/open_sans/cJZKeOuBrn4kERxqtaUH3ZBw1xU1rKptJj_0jans920.woff2]
[cdn11.bigcommerce.com/shared/css/fonts/open_sans/MTP_ySUJH_bn48VBG8sNSg7aC6SjiAOpAWOKfJDfVRY.woff2]
[cdn11.bigcommerce.com/shared/css/fonts/open_sans/MTP_ySUJH_bn48VBG8sNShdwxCXfZpKo5kWAx_74bHs.woff2]
[cdn11.bigcommerce.com/shared/css/fonts/open_sans/MTP_ySUJH_bn48VBG8sNSp6vnaPZw6nYDxM4SVEMFKg.woff2]
[cdn11.bigcommerce.com/shared/css/fonts/open_sans/MTP_ySUJH_bn48VBG8sNSvy1_HTwRwgtl1cPga3Fy3Y.woff2]
[cdn11.bigcommerce.com/shared/css/fonts/open_sans/MTP_ySUJH_bn48VBG8sNSvgrLsWo7Jk1KvZser0olKY.woff2]
[cdn11.bigcommerce.com/shared/css/fonts/open_sans/MTP_ySUJH_bn48VBG8sNSojoYw3YTyktCCer_ilOlhE.woff2]
[cdn11.bigcommerce.com/shared/css/fonts/open_sans/MTP_ySUJH_bn48VBG8sNShampu5_7CjHW5spxoeN3Vs.woff2]
[cdn11.bigcommerce.com/shared/css/fonts/open_sans/k3k702ZOKiLJc3WVjuplzA7aC6SjiAOpAWOKfJDfVRY.woff2]
[cdn11.bigcommerce.com/shared/css/fonts/open_sans/k3k702ZOKiLJc3WVjuplzBdwxCXfZpKo5kWAx_74bHs.woff2]
[cdn11.bigcommerce.com/shared/css/fonts/open_sans/k3k702ZOKiLJc3WVjuplzJ6vnaPZw6nYDxM4SVEMFKg.woff2]
[cdn11.bigcommerce.com/shared/css/fonts/open_sans/k3k702ZOKiLJc3WVjuplzPy1_HTwRwgtl1cPga3Fy3Y.woff2]
[cdn11.bigcommerce.com/shared/css/fonts/open_sans/k3k702ZOKiLJc3WVjuplzPgrLsWo7Jk1KvZser0olKY.woff2]
[cdn11.bigcommerce.com/shared/css/fonts/open_sans/k3k702ZOKiLJc3WVjuplzIjoYw3YTyktCCer_ilOlhE.woff2]
[cdn11.bigcommerce.com/shared/css/fonts/open_sans/k3k702ZOKiLJc3WVjuplzBampu5_7CjHW5spxoeN3Vs.woff2]
[cdn11.bigcommerce.com/shared/css/fonts/open_sans/EInbV5DfGHOiMmvb1Xr-hg7aC6SjiAOpAWOKfJDfVRY.woff2]
[cdn11.bigcommerce.com/shared/css/fonts/open_sans/EInbV5DfGHOiMmvb1Xr-hhdwxCXfZpKo5kWAx_74bHs.woff2]
[cdn11.bigcommerce.com/shared/css/fonts/open_sans/EInbV5DfGHOiMmvb1Xr-hp6vnaPZw6nYDxM4SVEMFKg.woff2]
[cdn11.bigcommerce.com/shared/css/fonts/open_sans/EInbV5DfGHOiMmvb1Xr-hvy1_HTwRwgtl1cPga3Fy3Y.woff2]
[cdn11.bigcommerce.com/shared/css/fonts/open_sans/EInbV5DfGHOiMmvb1Xr-hvgrLsWo7Jk1KvZser0olKY.woff2]
[cdn11.bigcommerce.com/shared/css/fonts/open_sans/EInbV5DfGHOiMmvb1Xr-hojoYw3YTyktCCer_ilOlhE.woff2]
[cdn11.bigcommerce.com/shared/css/fonts/open_sans/EInbV5DfGHOiMmvb1Xr-hhampu5_7CjHW5spxoeN3Vs.woff2]
[cdn11.bigcommerce.com/shared/css/open_sans-2c374369d08b2848673ff16370d132489125c335.css]
[cdn11.bigcommerce.com/shared/bower/ng-checkout/dist/img/powered_by_google_on_white.png]
[cdn11.bigcommerce.com/shared/bower/ng-checkout/dist/css/ng-checkout.min-e4af35c101938dbd77e9782167c1e6a3b8b5b722.css]
[cdn11.bigcommerce.com/s-5jeysafj8q/stencil/d7a3b3a0-fb9a-0136-bca6-1b3c63b2f4dc/e/7d147310-fb9b-0136-a892-03abfbabe237/css/optimized-checkout-e66d7b10-fb9a-0136-2016-0758c51394b6.css]
[sb-clickboom.mybigcommerce.com/https_.html]
[sb-clickboom.mybigcommerce.com/collections/index4658.html]
[sb-clickboom.mybigcommerce.com/collections/index7cb6.html]
[sb-clickboom.mybigcommerce.com/collections/index9535.html]
[sb-clickboom.mybigcommerce.com/collections/indexe3b6.html]
[sb-clickboom.mybigcommerce.com/collections/index244f.html]
[sb-clickboom.mybigcommerce.com/collections/indexfa72.html]
[sb-clickboom.mybigcommerce.com/collections/index45ee.html]
[sb-clickboom.mybigcommerce.com/collections/index6330.html]
[sb-clickboom.mybigcommerce.com/collections/index601a.html]
[sb-clickboom.mybigcommerce.com/collections/index88b5.html]
[sb-clickboom.mybigcommerce.com/collections/index94bd.html]
[sb-clickboom.mybigcommerce.com/collections/index107f.html]
[sb-clickboom.mybigcommerce.com/collections/indexe8c4.html]
[sb-clickboom.mybigcommerce.com/collections/index2a3a.html]
[sb-clickboom.mybigcommerce.com/collections/index86a9.html]
[sb-clickboom.mybigcommerce.com/collections/indexcdb8.html]
[sb-clickboom.mybigcommerce.com/collections/index3016.html]
[sb-clickboom.mybigcommerce.com/collections/index5321.html]
[sb-clickboom.mybigcommerce.com/collections/indexe77d.html]
[sb-clickboom.mybigcommerce.com/loginc6ec.html]
[sb-clickboom.mybigcommerce.com/1-l-le-parfait-jar/index85eb.html]
[sb-clickboom.mybigcommerce.com/1-l-le-parfait-jar/index612c.html]
[sb-clickboom.mybigcommerce.com/logind735.html]
[sb-clickboom.mybigcommerce.com/login2a40.html]
[sb-clickboom.mybigcommerce.com/giftcertificates51c2.html]
[sb-clickboom.mybigcommerce.com/laptop/index6330.html]
[sb-clickboom.mybigcommerce.com/laptop/index601a.html]
[sb-clickboom.mybigcommerce.com/laptop/index107f.html]
[sb-clickboom.mybigcommerce.com/laptop/indexe8c4.html]
[sb-clickboom.mybigcommerce.com/laptop/index2a3a.html]
[sb-clickboom.mybigcommerce.com/laptop/index86a9.html]
[sb-clickboom.mybigcommerce.com/laptop/indexcdb8.html]
[sb-clickboom.mybigcommerce.com/laptop/index3016.html]
[sb-clickboom.mybigcommerce.com/laptop/index5321.html]
[sb-clickboom.mybigcommerce.com/laptop/indexe77d.html]
[sb-clickboom.mybigcommerce.com/organic/index68f5.html]
[sb-clickboom.mybigcommerce.com/organic/indexb962.html]
[sb-clickboom.mybigcommerce.com/organic/index93e6.html]
[sb-clickboom.mybigcommerce.com/organic/index7b7d.html]
[sb-clickboom.mybigcommerce.com/organic/index0b01.html]
[sb-clickboom.mybigcommerce.com/organic/index0788.html]
[sb-clickboom.mybigcommerce.com/organic/index611b.html]
[sb-clickboom.mybigcommerce.com/organic/index2644.html]
[sb-clickboom.mybigcommerce.com/organic/index5e1f.html]
[sb-clickboom.mybigcommerce.com/organic/index7015.html]
[sb-clickboom.mybigcommerce.com/blog/fusce-sagittis-massa-id/index85eb.html]
[sb-clickboom.mybigcommerce.com/blog/fusce-sagittis-massa-id/index612c.html]
[sb-clickboom.mybigcommerce.com/blog/tag/technology85eb.html]
[sb-clickboom.mybigcommerce.com/blog/tag/technology612c.html]
[sb-clickboom.mybigcommerce.com/blog/tag/new85eb.html]
[sb-clickboom.mybigcommerce.com/blog/tag/new612c.html]
[sb-clickboom.mybigcommerce.com/blog/tag/laptop85eb.html]
[sb-clickboom.mybigcommerce.com/blog/tag/laptop612c.html]
[sb-clickboom.mybigcommerce.com/contact-us85eb.html]
[sb-clickboom.mybigcommerce.com/contact-us612c.html]
[sb-clickboom.mybigcommerce.com/logince65.html]
[sb-clickboom.mybigcommerce.com/login4482.html]
[sb-clickboom.mybigcommerce.com/logina20e.html]
[sb-clickboom.mybigcommerce.com/loginb4c9.html]
[sb-clickboom.mybigcommerce.com/loginae3a.html]
[sb-clickboom.mybigcommerce.com/login4686.html]
[sb-clickboom.mybigcommerce.com/loginad54.html]
[sb-clickboom.mybigcommerce.com/login38b1.html]
[sb-clickboom.mybigcommerce.com/loginb497.html]
[sb-clickboom.mybigcommerce.com/login69b8.html]
[sb-clickboom.mybigcommerce.com/login4af7.html]
[sb-clickboom.mybigcommerce.com/login0a9a.html]
[sb-clickboom.mybigcommerce.com/loginb4e5.html]
[sb-clickboom.mybigcommerce.com/login3be2.html]
[sb-clickboom.mybigcommerce.com/loginb61a.html]
[sb-clickboom.mybigcommerce.com/login08c2.html]
[sb-clickboom.mybigcommerce.com/login3cd5.html]
[sb-clickboom.mybigcommerce.com/login76a2.html]
[sb-clickboom.mybigcommerce.com/login186c.html]
[sb-clickboom.mybigcommerce.com/loginf2e7.html]
[sb-clickboom.mybigcommerce.com/login7571.html]
[sb-clickboom.mybigcommerce.com/login9f64.html]
[sb-clickboom.mybigcommerce.com/logincf07.html]
[sb-clickboom.mybigcommerce.com/login928f.html]
[cdn11.bigcommerce.com/shared/css/fonts/open_sans/RjgO7rYTmqiVp7vzi-Q5UYX0hVgzZQUfRDuZrPvH3D8.html]
[cdn11.bigcommerce.com/shared/css/fonts/open_sans/xozscpT2726on7jbcb_pAoX0hVgzZQUfRDuZrPvH3D8.html]
[cdn11.bigcommerce.com/shared/css/fonts/open_sans/59ZRklaO5bWGqF5A9baEEYX0hVgzZQUfRDuZrPvH3D8.html]
[cdn11.bigcommerce.com/shared/css/fonts/open_sans/u-WUoqrET9fUeobQW7jkRYX0hVgzZQUfRDuZrPvH3D8.html]
[sb-clickboom.mybigcommerce.com/collections/indexe3b6.html]
[sb-clickboom.mybigcommerce.com/collections/index244f.html]
[sb-clickboom.mybigcommerce.com/collections/index94bd.html]
[sb-clickboom.mybigcommerce.com/collections/index88b5.html]
[sb-clickboom.mybigcommerce.com/1-l-le-parfait-jar/index85eb.html]
[sb-clickboom.mybigcommerce.com/1-l-le-parfait-jar/index612c.html]
[sb-clickboom.mybigcommerce.com/loginc6ec.html]
[sb-clickboom.mybigcommerce.com/login2a40.html]
